soc/common/packages/tspc_utils/vhdl/tspc_utils-p.vhd
soc/common/packages/tspc_utils/vhdl/tspc_utils-pb.vhd
soc/top/core_mf8c/vhdl/core_mf8c_comps-p.vhd
soc/common/packages/tspc_wbone_types/vhdl/tspc_wbone_types-p.vhd
soc/common/packages/tspc_wbone_types/vhdl/tspc_wbone_types-pb.vhd
soc/units/uart_block/vhdl/uart_block_comps-p.vhd
soc/units/dma_subsys/units/tspc_dma_chan_ms/top/vhdl/tspc_dma_chan_ms_types-p.vhd
soc/units/dma_subsys/units/tspc_dma_chan_ms/top/vhdl/tspc_dma_chan_ms_types-pb.vhd
soc/units/tspc_wb_cfi_jxb3/units/others/vhdl/jxb3_cfi_reg_types-p.vhd
soc/units/tspc_wb_cfi_jxb3/units/others/vhdl/jxb3_cfi_reg_types-pb.vhd
soc/units/dma_subsys/units/tspc_dma_chan_ms/top/vhdl/tspc_dma_chan_ms_comps-p.vhd
soc/units/tspc_wb_cfi_jxb3/units/tspc_cfi_spim_pw2n/vhdl/tspc_cfi_spim_pw2n_types-p.vhd
soc/common/units/tspc_fifo_sync/top/vhdl/tspc_fifo_sync_comps-p.vhd
soc/units/wb_16550s/units/pcat_16550s/vhdl/pcat_16550s_comps-p.vhd
soc/units/wb_16550s/units/modem_regs_16550s/vhdl/modem_regs_16550s_comps-p.vhd
soc/units/wb_16550s/units/rx_16550s/vhdl/rx_16550s_comps-p.vhd
soc/units/wb_16550s/units/tx_16550s/vhdl/tx_16550s_comps-p.vhd
soc/units/wb_16550s/units/tx_ser_8250/vhdl/tx_ser_8250_core_types-p.vhd
soc/units/wb_16550s/units/rx_ser_8250/vhdl/rx_ser_8250_core_types-p.vhd
soc/units/wb_16550s/units/rx_ser_8250/vhdl/rx_ser_8250_core_types-pb.vhd
soc/units/dma_subsys/top/vhdl/dma_subsys_comps-p.vhd
soc/units/dma_subsys/units/dma_subsys_regs/vhdl/dma_subsys_regs_types-p.vhd
soc/units/dma_subsys/units/dma_subsys_regs/vhdl/dma_subsys_regs_types-pb.vhd
soc/units/tspc_wb_cfi_jxb3/top/vhdl/tspc_wb_cfi_jxb3_comps-p.vhd
soc/common/units/tspc_cdc_vec/vhdl/tspc_cdc_vec-e.vhd
soc/common/units/tspc_cdc_vec/vhdl/tspc_cdc_vec-a_rtl.vhd
soc/units/adr_decode/vhdl/adr_decode-e.vhd
soc/units/adr_decode/vhdl/adr_decode-a_rtl.vhd
soc/units/clock_gen/vhdl/clock_gen-e.vhd
soc/units/clock_gen/vhdl/clock_gen-a_rtl.vhd
soc/units/dma_subsys/units/dma_subsys_regs/vhdl/dma_subsys_regs-e.vhd
soc/units/dma_subsys/units/dma_subsys_regs/vhdl/dma_subsys_regs-a_rtl.vhd
soc/units/tsls_wb_bmram/units/tspc_wb_ebr_ctl/vhdl/tspc_wb_ebr_ctl-e.vhd
soc/units/tsls_wb_bmram/units/tspc_wb_ebr_ctl/vhdl/tspc_wb_ebr_ctl-a_rtl.vhd
soc/units/tsls_wb_bmram/top/vhdl/tsls_wb_bmram-e.vhd
soc/units/tsls_wb_bmram/top/vhdl/tsls_wb_bmram-a_rtl.vhd
soc/units/tspc_wb_cfi_jxb3/units/tspc_cfi_spim_pw2n/vhdl/tspc_cfi_spim_pw2n-e.vhd
soc/units/tspc_wb_cfi_jxb3/units/tspc_cfi_spim_pw2n/vhdl/tspc_cfi_spim_pw2n-a_rtl.vhd
soc/units/tspc_wb_cfi_jxb3/units/others/vhdl/jxb3_regs_ctrl-e.vhd
soc/units/tspc_wb_cfi_jxb3/units/others/vhdl/jxb3_regs_ctrl-a_rtl.vhd
soc/units/tspc_wb_cfi_jxb3/units/others/vhdl/jxb3_spi_dma_tgt-e.vhd
soc/units/tspc_wb_cfi_jxb3/units/others/vhdl/jxb3_spi_dma_tgt-a_rtl.vhd
soc/common/units/tspc_cdc_reg/vhdl/tspc_cdc_reg-e.vhd
soc/common/units/tspc_cdc_reg/vhdl/tspc_cdc_reg-a_rtl.vhd
soc/units/dma_subsys/units/tspc_dma_chan_ms/units/vhdl/tspc_dma_chan_ms_ctl-e.vhd
soc/units/dma_subsys/units/tspc_dma_chan_ms/units/vhdl/tspc_dma_chan_ms_ctl-a_rtl.vhd
soc/common/units/tspc_fifo_ctl_sync/vhdl/tspc_fifo_ctl_sync-e.vhd
soc/common/units/tspc_fifo_ctl_sync/vhdl/tspc_fifo_ctl_sync-a_rtl.vhd
soc/common/units/tspc_fifo_sync/tech/vhdl/tspc_fifo_sync_mem-e.vhd
soc/common/units/tspc_fifo_sync/tech/vhdl/tspc_fifo_sync_mem-a_rtl.vhd
soc/common/units/tspc_fifo_sync/top/vhdl/tspc_fifo_sync-e.vhd
soc/common/units/tspc_fifo_sync/top/vhdl/tspc_fifo_sync-a_rtl.vhd
soc/units/tspc_wb_cfi_jxb3/top/vhdl/tspc_wb_cfi_jxb3-e.vhd
soc/units/tspc_wb_cfi_jxb3/top/vhdl/tspc_wb_cfi_jxb3-a_rtl.vhd
soc/common/units/tspc_cdc_ack/vhdl/tspc_cdc_ack-e.vhd
soc/common/units/tspc_cdc_ack/vhdl/tspc_cdc_ack-a_rtl.vhd
soc/units/wb_16550s/units/modem_regs_16550s/vhdl/modem_regs_16550s-e.vhd
soc/units/wb_16550s/units/modem_regs_16550s/vhdl/modem_regs_16550s-a_rtl.vhd
soc/units/wb_16550s/units/rx_ser_8250/vhdl/rx_ser_8250_core-e.vhd
soc/units/wb_16550s/units/rx_ser_8250/vhdl/rx_ser_8250_core-a_rtl.vhd
soc/units/wb_16550s/units/rx_16550s/vhdl/rx_16550s-e.vhd
soc/units/wb_16550s/units/rx_16550s/vhdl/rx_16550s-a_rtl.vhd
soc/units/wb_16550s/units/tx_ser_8250/vhdl/tx_ser_8250_core-e.vhd
soc/units/wb_16550s/units/tx_ser_8250/vhdl/tx_ser_8250_core-a_rtl.vhd
soc/common/units/tspc_event_latch/vhdl/tspc_event_latch-e.vhd
soc/common/units/tspc_event_latch/vhdl/tspc_event_latch-a_rtl.vhd
soc/common/units/tspc_reg_pipeline/vhdl/tspc_reg_pipeline-e.vhd
soc/common/units/tspc_reg_pipeline/vhdl/tspc_reg_pipeline-a_rtl.vhd
soc/units/wb_16550s/units/tx_16550s/vhdl/tx_16550s-e.vhd
soc/units/wb_16550s/units/tx_16550s/vhdl/tx_16550s-a_rtl.vhd
soc/units/wb_16550s/units/pcat_16550s/vhdl/pcat_16550s-e.vhd
soc/units/wb_16550s/units/pcat_16550s/vhdl/pcat_16550s-a_rtl.vhd
soc/units/wb_16550s/top/vhdl/wb_16550s-e.vhd
soc/units/wb_16550s/top/vhdl/wb_16550s-a_rtl.vhd
soc/units/uart_block/vhdl/uart_block-e.vhd
soc/units/uart_block/vhdl/uart_block-a_rtl.vhd
soc/units/dma_subsys/units/tspc_dma_chan_ms/top/vhdl/tspc_dma_chan_ms-e.vhd
soc/units/dma_subsys/units/tspc_dma_chan_ms/top/vhdl/tspc_dma_chan_ms-a_rtl.vhd
soc/units/dma_subsys/top/vhdl/dma_subsys-e.vhd
soc/units/dma_subsys/top/vhdl/dma_subsys-a_rtl.vhd
soc/top/core_mf8c/vhdl/core_mf8c-e.vhd
soc/top/core_mf8c/vhdl/core_mf8c-a_rtl.vhd
