
Copyright (C) 1994-2021 Synopsys, Inc.
This Synopsys software and all associated documentation are proprietary to Synopsys, Inc.
and may only be used pursuant to the terms and conditions of a written license agreement
with Synopsys, Inc. All other use, reproduction, modification, or distribution of the
Synopsys software or the associated documentation is strictly prohibited.
Tool: Synplify Pro (R)
Build: R-2021.03L-SP1-1
Install: C:\lscc\diamond\3.12\synpbase
OS: Windows 6.2

Hostname: L-EQSS42R

Implementation : mf8c
Synopsys HDL compiler and linker, Version comp202103synp2, Build 222R, Built Dec 22 2021 00:18:12, @

Modified Files: 3
FID:  path (prevtimestamp, timestamp)
121      C:\project\PCIe_ECP5_MF\work\clarity\versa_ecp5\xclk_subsys\pll_xclk_base\pll_xclk_base.v (N/A, 2022-02-27 15:51:06)
119      C:\project\PCIe_ECP5_MF\work\diamond\versa_ecp5\xclk_subsys\pll_clk_base\pll_clk_base.v (2022-02-27 15:41:58, N/A)
120      C:\project\PCIe_ECP5_MF\work\diamond\versa_ecp5\xclk_subsys\xclk_subsys.v (2022-02-27 15:42:34, N/A)

*******************************************************************
Modules that may have changed as a result of file changes: 1
MID:  lib.cell.view
79       work.pll_xclk_base.verilog may have changed because the following files changed:
                        C:\project\PCIe_ECP5_MF\work\clarity\versa_ecp5\xclk_subsys\pll_xclk_base\pll_xclk_base.v (N/A, 2022-02-27 15:51:06) <-- (module definition)

*******************************************************************
Unmodified files: 118
FID:  path (timestamp)
0        C:\lscc\diamond\3.12\synpbase\lib\lucent\ecp5um.v (2021-12-22 09:23:26)
1        C:\lscc\diamond\3.12\synpbase\lib\lucent\ecp5um.vhd (2021-12-22 09:23:26)
2        C:\lscc\diamond\3.12\synpbase\lib\lucent\pmi_def.v (2021-12-22 09:23:28)
3        C:\lscc\diamond\3.12\synpbase\lib\vhd2008\arith.vhd (2021-12-22 09:09:40)
4        C:\lscc\diamond\3.12\synpbase\lib\vhd2008\location.map (2021-12-22 09:09:41)
5        C:\lscc\diamond\3.12\synpbase\lib\vhd2008\numeric.vhd (2021-12-22 09:26:52)
6        C:\lscc\diamond\3.12\synpbase\lib\vhd2008\std.vhd (2021-12-22 09:09:41)
7        C:\lscc\diamond\3.12\synpbase\lib\vhd2008\std1164.vhd (2021-12-22 09:09:41)
8        C:\lscc\diamond\3.12\synpbase\lib\vhd2008\std_textio.vhd (2021-12-22 09:09:41)
9        C:\lscc\diamond\3.12\synpbase\lib\vhd2008\unsigned.vhd (2021-12-22 09:09:41)
10       C:\lscc\diamond\3.12\synpbase\lib\vhd\hyperents.vhd (2021-12-22 09:09:40)
11       C:\lscc\diamond\3.12\synpbase\lib\vhd\math_real.vhd (2021-12-22 09:26:49)
12       C:\lscc\diamond\3.12\synpbase\lib\vhd\snps_haps_pkg.vhd (2021-12-22 09:09:40)
13       C:\lscc\diamond\3.12\synpbase\lib\vhd\umr_capim.vhd (2021-12-22 09:09:40)
14       C:\lscc\diamond\3.12\synpbase\lib\vlog\hypermods.v (2021-12-22 09:09:40)
15       C:\lscc\diamond\3.12\synpbase\lib\vlog\scemi_objects.v (2021-12-22 09:09:40)
16       C:\lscc\diamond\3.12\synpbase\lib\vlog\scemi_pipes.svh (2021-12-22 09:09:40)
17       C:\lscc\diamond\3.12\synpbase\lib\vlog\umr_capim.v (2021-12-22 09:09:40)
18       C:\project\PCIe_ECP5_MF\soc\common\packages\tspc_utils\vhdl\tspc_utils-p.vhd (2022-02-27 12:29:25)
19       C:\project\PCIe_ECP5_MF\soc\common\packages\tspc_utils\vhdl\tspc_utils-pb.vhd (2022-02-27 12:29:25)
20       C:\project\PCIe_ECP5_MF\soc\common\packages\tspc_wbone_types\vhdl\tspc_wbone_types-p.vhd (2022-02-27 12:29:25)
21       C:\project\PCIe_ECP5_MF\soc\common\packages\tspc_wbone_types\vhdl\tspc_wbone_types-pb.vhd (2022-02-27 12:29:25)
22       C:\project\PCIe_ECP5_MF\soc\common\units\tspc_cdc_ack\vhdl\tspc_cdc_ack-a_rtl.vhd (2022-02-27 12:29:25)
23       C:\project\PCIe_ECP5_MF\soc\common\units\tspc_cdc_ack\vhdl\tspc_cdc_ack-e.vhd (2022-02-27 12:29:25)
24       C:\project\PCIe_ECP5_MF\soc\common\units\tspc_cdc_reg\vhdl\tspc_cdc_reg-a_rtl.vhd (2022-02-27 12:29:25)
25       C:\project\PCIe_ECP5_MF\soc\common\units\tspc_cdc_reg\vhdl\tspc_cdc_reg-e.vhd (2022-02-27 12:29:25)
26       C:\project\PCIe_ECP5_MF\soc\common\units\tspc_cdc_vec\vhdl\tspc_cdc_vec-a_rtl.vhd (2022-02-27 12:29:25)
27       C:\project\PCIe_ECP5_MF\soc\common\units\tspc_cdc_vec\vhdl\tspc_cdc_vec-e.vhd (2022-02-27 12:29:25)
28       C:\project\PCIe_ECP5_MF\soc\common\units\tspc_event_latch\vhdl\tspc_event_latch-a_rtl.vhd (2022-02-27 12:29:25)
29       C:\project\PCIe_ECP5_MF\soc\common\units\tspc_event_latch\vhdl\tspc_event_latch-e.vhd (2022-02-27 12:29:25)
30       C:\project\PCIe_ECP5_MF\soc\common\units\tspc_fifo_ctl_sync\vhdl\tspc_fifo_ctl_sync-a_rtl.vhd (2022-02-27 12:29:25)
31       C:\project\PCIe_ECP5_MF\soc\common\units\tspc_fifo_ctl_sync\vhdl\tspc_fifo_ctl_sync-e.vhd (2022-02-27 12:29:25)
32       C:\project\PCIe_ECP5_MF\soc\common\units\tspc_fifo_sync\tech\vhdl\tspc_fifo_sync_mem-a_rtl.vhd (2022-02-27 12:29:25)
33       C:\project\PCIe_ECP5_MF\soc\common\units\tspc_fifo_sync\tech\vhdl\tspc_fifo_sync_mem-e.vhd (2022-02-27 12:29:25)
34       C:\project\PCIe_ECP5_MF\soc\common\units\tspc_fifo_sync\top\vhdl\tspc_fifo_sync-a_rtl.vhd (2022-02-27 12:29:25)
35       C:\project\PCIe_ECP5_MF\soc\common\units\tspc_fifo_sync\top\vhdl\tspc_fifo_sync-e.vhd (2022-02-27 12:29:25)
36       C:\project\PCIe_ECP5_MF\soc\common\units\tspc_fifo_sync\top\vhdl\tspc_fifo_sync_comps-p.vhd (2022-02-27 12:29:25)
37       C:\project\PCIe_ECP5_MF\soc\common\units\tspc_reg_pipeline\vhdl\tspc_reg_pipeline-a_rtl.vhd (2022-02-27 12:29:25)
38       C:\project\PCIe_ECP5_MF\soc\common\units\tspc_reg_pipeline\vhdl\tspc_reg_pipeline-e.vhd (2022-02-27 12:29:25)
39       C:\project\PCIe_ECP5_MF\soc\top\core_mf8c\vhdl\core_mf8c-a_rtl.vhd (2022-02-27 12:29:24)
40       C:\project\PCIe_ECP5_MF\soc\top\core_mf8c\vhdl\core_mf8c-e.vhd (2022-02-27 12:29:24)
41       C:\project\PCIe_ECP5_MF\soc\top\core_mf8c\vhdl\core_mf8c_comps-p.vhd (2022-02-27 12:29:24)
42       C:\project\PCIe_ECP5_MF\soc\top\core_mf8c\vhdl\core_mf8c_exports-p.vhd (2022-02-27 12:29:24)
43       C:\project\PCIe_ECP5_MF\soc\top\versa_ecp5\vhdl\versa_ecp5-a_rtl.vhd (2022-02-27 12:29:24)
44       C:\project\PCIe_ECP5_MF\soc\top\versa_ecp5\vhdl\versa_ecp5-e.vhd (2022-02-27 12:29:24)
45       C:\project\PCIe_ECP5_MF\soc\top\versa_ecp5\vhdl\versa_ecp5_comps-p.vhd (2022-02-27 12:29:24)
46       C:\project\PCIe_ECP5_MF\soc\units\adr_decode\vhdl\adr_decode-a_rtl.vhd (2022-02-27 12:29:24)
47       C:\project\PCIe_ECP5_MF\soc\units\adr_decode\vhdl\adr_decode-e.vhd (2022-02-27 12:29:24)
48       C:\project\PCIe_ECP5_MF\soc\units\clock_gen\vhdl\clock_gen-a_rtl.vhd (2022-02-27 12:29:24)
49       C:\project\PCIe_ECP5_MF\soc\units\clock_gen\vhdl\clock_gen-e.vhd (2022-02-27 12:29:24)
50       C:\project\PCIe_ECP5_MF\soc\units\dma_subsys\top\vhdl\dma_subsys-a_rtl.vhd (2022-02-27 12:29:24)
51       C:\project\PCIe_ECP5_MF\soc\units\dma_subsys\top\vhdl\dma_subsys-e.vhd (2022-02-27 12:29:24)
52       C:\project\PCIe_ECP5_MF\soc\units\dma_subsys\top\vhdl\dma_subsys_comps-p.vhd (2022-02-27 12:29:24)
53       C:\project\PCIe_ECP5_MF\soc\units\dma_subsys\units\dma_subsys_regs\vhdl\dma_subsys_regs-a_rtl.vhd (2022-02-27 12:29:24)
54       C:\project\PCIe_ECP5_MF\soc\units\dma_subsys\units\dma_subsys_regs\vhdl\dma_subsys_regs-e.vhd (2022-02-27 12:29:24)
55       C:\project\PCIe_ECP5_MF\soc\units\dma_subsys\units\dma_subsys_regs\vhdl\dma_subsys_regs_types-p.vhd (2022-02-27 12:29:24)
56       C:\project\PCIe_ECP5_MF\soc\units\dma_subsys\units\dma_subsys_regs\vhdl\dma_subsys_regs_types-pb.vhd (2022-02-27 12:29:24)
57       C:\project\PCIe_ECP5_MF\soc\units\dma_subsys\units\tspc_dma_chan_ms\top\vhdl\tspc_dma_chan_ms-a_rtl.vhd (2022-02-27 12:29:24)
58       C:\project\PCIe_ECP5_MF\soc\units\dma_subsys\units\tspc_dma_chan_ms\top\vhdl\tspc_dma_chan_ms-e.vhd (2022-02-27 12:29:24)
59       C:\project\PCIe_ECP5_MF\soc\units\dma_subsys\units\tspc_dma_chan_ms\top\vhdl\tspc_dma_chan_ms_comps-p.vhd (2022-02-27 12:29:24)
60       C:\project\PCIe_ECP5_MF\soc\units\dma_subsys\units\tspc_dma_chan_ms\top\vhdl\tspc_dma_chan_ms_types-p.vhd (2022-02-27 12:29:24)
61       C:\project\PCIe_ECP5_MF\soc\units\dma_subsys\units\tspc_dma_chan_ms\top\vhdl\tspc_dma_chan_ms_types-pb.vhd (2022-02-27 12:29:24)
62       C:\project\PCIe_ECP5_MF\soc\units\dma_subsys\units\tspc_dma_chan_ms\units\vhdl\tspc_dma_chan_ms_ctl-a_rtl.vhd (2022-02-27 12:29:24)
63       C:\project\PCIe_ECP5_MF\soc\units\dma_subsys\units\tspc_dma_chan_ms\units\vhdl\tspc_dma_chan_ms_ctl-e.vhd (2022-02-27 12:29:24)
64       C:\project\PCIe_ECP5_MF\soc\units\rx_rsl\vhdl\rx_rsl.vhd (2022-02-27 12:29:24)
65       C:\project\PCIe_ECP5_MF\soc\units\tsls_wb_bmram\top\vhdl\tsls_wb_bmram-a_rtl.vhd (2022-02-27 12:29:24)
66       C:\project\PCIe_ECP5_MF\soc\units\tsls_wb_bmram\top\vhdl\tsls_wb_bmram-e.vhd (2022-02-27 12:29:24)
67       C:\project\PCIe_ECP5_MF\soc\units\tsls_wb_bmram\units\tspc_wb_ebr_ctl\vhdl\tspc_wb_ebr_ctl-a_rtl.vhd (2022-02-27 12:29:24)
68       C:\project\PCIe_ECP5_MF\soc\units\tsls_wb_bmram\units\tspc_wb_ebr_ctl\vhdl\tspc_wb_ebr_ctl-e.vhd (2022-02-27 12:29:24)
69       C:\project\PCIe_ECP5_MF\soc\units\tspc_wb_cfi_jxb3\top\vhdl\tspc_wb_cfi_jxb3-a_rtl.vhd (2022-02-27 12:29:24)
70       C:\project\PCIe_ECP5_MF\soc\units\tspc_wb_cfi_jxb3\top\vhdl\tspc_wb_cfi_jxb3-e.vhd (2022-02-27 12:29:24)
71       C:\project\PCIe_ECP5_MF\soc\units\tspc_wb_cfi_jxb3\top\vhdl\tspc_wb_cfi_jxb3_comps-p.vhd (2022-02-27 12:29:24)
72       C:\project\PCIe_ECP5_MF\soc\units\tspc_wb_cfi_jxb3\units\others\vhdl\jxb3_cfi_reg_types-p.vhd (2022-02-27 12:29:24)
73       C:\project\PCIe_ECP5_MF\soc\units\tspc_wb_cfi_jxb3\units\others\vhdl\jxb3_cfi_reg_types-pb.vhd (2022-02-27 12:29:24)
74       C:\project\PCIe_ECP5_MF\soc\units\tspc_wb_cfi_jxb3\units\others\vhdl\jxb3_regs_ctrl-a_rtl.vhd (2022-02-27 12:29:24)
75       C:\project\PCIe_ECP5_MF\soc\units\tspc_wb_cfi_jxb3\units\others\vhdl\jxb3_regs_ctrl-e.vhd (2022-02-27 12:29:24)
76       C:\project\PCIe_ECP5_MF\soc\units\tspc_wb_cfi_jxb3\units\others\vhdl\jxb3_spi_dma_tgt-a_rtl.vhd (2022-02-27 12:29:24)
77       C:\project\PCIe_ECP5_MF\soc\units\tspc_wb_cfi_jxb3\units\others\vhdl\jxb3_spi_dma_tgt-e.vhd (2022-02-27 12:29:24)
78       C:\project\PCIe_ECP5_MF\soc\units\tspc_wb_cfi_jxb3\units\tspc_cfi_spim_pw2n\vhdl\tspc_cfi_spim_pw2n-a_rtl.vhd (2022-02-27 12:29:24)
79       C:\project\PCIe_ECP5_MF\soc\units\tspc_wb_cfi_jxb3\units\tspc_cfi_spim_pw2n\vhdl\tspc_cfi_spim_pw2n-e.vhd (2022-02-27 12:29:24)
80       C:\project\PCIe_ECP5_MF\soc\units\tspc_wb_cfi_jxb3\units\tspc_cfi_spim_pw2n\vhdl\tspc_cfi_spim_pw2n_types-p.vhd (2022-02-27 12:29:24)
81       C:\project\PCIe_ECP5_MF\soc\units\uart_block\vhdl\uart_block-a_rtl.vhd (2022-02-27 12:29:24)
82       C:\project\PCIe_ECP5_MF\soc\units\uart_block\vhdl\uart_block-e.vhd (2022-02-27 12:29:24)
83       C:\project\PCIe_ECP5_MF\soc\units\uart_block\vhdl\uart_block_comps-p.vhd (2022-02-27 12:29:24)
84       C:\project\PCIe_ECP5_MF\soc\units\wb_16550s\top\vhdl\wb_16550s-a_rtl.vhd (2022-02-27 12:29:24)
85       C:\project\PCIe_ECP5_MF\soc\units\wb_16550s\top\vhdl\wb_16550s-e.vhd (2022-02-27 12:29:24)
86       C:\project\PCIe_ECP5_MF\soc\units\wb_16550s\units\modem_regs_16550s\vhdl\modem_regs_16550s-a_rtl.vhd (2022-02-27 12:29:24)
87       C:\project\PCIe_ECP5_MF\soc\units\wb_16550s\units\modem_regs_16550s\vhdl\modem_regs_16550s-e.vhd (2022-02-27 12:29:24)
88       C:\project\PCIe_ECP5_MF\soc\units\wb_16550s\units\modem_regs_16550s\vhdl\modem_regs_16550s_comps-p.vhd (2022-02-27 12:29:24)
89       C:\project\PCIe_ECP5_MF\soc\units\wb_16550s\units\pcat_16550s\vhdl\pcat_16550s-a_rtl.vhd (2022-02-27 12:29:24)
90       C:\project\PCIe_ECP5_MF\soc\units\wb_16550s\units\pcat_16550s\vhdl\pcat_16550s-e.vhd (2022-02-27 12:29:24)
91       C:\project\PCIe_ECP5_MF\soc\units\wb_16550s\units\pcat_16550s\vhdl\pcat_16550s_comps-p.vhd (2022-02-27 12:29:24)
92       C:\project\PCIe_ECP5_MF\soc\units\wb_16550s\units\rx_16550s\vhdl\rx_16550s-a_rtl.vhd (2022-02-27 12:29:24)
93       C:\project\PCIe_ECP5_MF\soc\units\wb_16550s\units\rx_16550s\vhdl\rx_16550s-e.vhd (2022-02-27 12:29:24)
94       C:\project\PCIe_ECP5_MF\soc\units\wb_16550s\units\rx_16550s\vhdl\rx_16550s_comps-p.vhd (2022-02-27 12:29:24)
95       C:\project\PCIe_ECP5_MF\soc\units\wb_16550s\units\rx_ser_8250\vhdl\rx_ser_8250_core-a_rtl.vhd (2022-02-27 12:29:24)
96       C:\project\PCIe_ECP5_MF\soc\units\wb_16550s\units\rx_ser_8250\vhdl\rx_ser_8250_core-e.vhd (2022-02-27 12:29:24)
97       C:\project\PCIe_ECP5_MF\soc\units\wb_16550s\units\rx_ser_8250\vhdl\rx_ser_8250_core_types-p.vhd (2022-02-27 12:29:24)
98       C:\project\PCIe_ECP5_MF\soc\units\wb_16550s\units\rx_ser_8250\vhdl\rx_ser_8250_core_types-pb.vhd (2022-02-27 12:29:24)
99       C:\project\PCIe_ECP5_MF\soc\units\wb_16550s\units\tx_16550s\vhdl\tx_16550s-a_rtl.vhd (2022-02-27 12:29:25)
100      C:\project\PCIe_ECP5_MF\soc\units\wb_16550s\units\tx_16550s\vhdl\tx_16550s-e.vhd (2022-02-27 12:29:25)
101      C:\project\PCIe_ECP5_MF\soc\units\wb_16550s\units\tx_16550s\vhdl\tx_16550s_comps-p.vhd (2022-02-27 12:29:25)
102      C:\project\PCIe_ECP5_MF\soc\units\wb_16550s\units\tx_ser_8250\vhdl\tx_ser_8250_core-a_rtl.vhd (2022-02-27 12:29:25)
103      C:\project\PCIe_ECP5_MF\soc\units\wb_16550s\units\tx_ser_8250\vhdl\tx_ser_8250_core-e.vhd (2022-02-27 12:29:25)
104      C:\project\PCIe_ECP5_MF\soc\units\wb_16550s\units\tx_ser_8250\vhdl\tx_ser_8250_core_types-p.vhd (2022-02-27 12:29:25)
105      C:\project\PCIe_ECP5_MF\work\clarity\versa_ecp5\pcie_subsys\pcie_mfx1_top\pcie_mfx1_top_bb.v (2022-02-27 15:20:20)
106      C:\project\PCIe_ECP5_MF\work\clarity\versa_ecp5\pcie_subsys\pcie_mfx1_top\pcie_mfx1_top_combo.vhd (2022-02-27 15:20:20)
107      C:\project\PCIe_ECP5_MF\work\clarity\versa_ecp5\pcie_subsys\pcie_refclk\pcie_refclk.v (2022-02-27 15:22:35)
108      C:\project\PCIe_ECP5_MF\work\clarity\versa_ecp5\pcie_subsys\pcie_subsys.v (2022-02-27 15:24:38)
109      C:\project\PCIe_ECP5_MF\work\clarity\versa_ecp5\pcie_subsys\pcie_x1_top\pcie_eval\models\ecp5um\pcie_x1_top_ctc.v (2022-02-27 15:22:49)
110      C:\project\PCIe_ECP5_MF\work\clarity\versa_ecp5\pcie_subsys\pcie_x1_top\pcie_eval\models\ecp5um\pcie_x1_top_pcs.v (2022-02-27 12:29:25)
111      C:\project\PCIe_ECP5_MF\work\clarity\versa_ecp5\pcie_subsys\pcie_x1_top\pcie_eval\models\ecp5um\pcie_x1_top_pcs_softlogic.v (2022-02-27 15:22:49)
112      C:\project\PCIe_ECP5_MF\work\clarity\versa_ecp5\pcie_subsys\pcie_x1_top\pcie_eval\models\ecp5um\pcie_x1_top_phy.v (2022-02-27 15:22:49)
113      C:\project\PCIe_ECP5_MF\work\clarity\versa_ecp5\pcie_subsys\pcie_x1_top\pcie_eval\models\ecp5um\pcie_x1_top_pipe.v (2022-02-27 15:22:49)
114      C:\project\PCIe_ECP5_MF\work\clarity\versa_ecp5\pcie_subsys\pcie_x1_top\pcie_eval\models\ecp5um\pcie_x1_top_sync1s.v (2022-02-27 15:22:49)
115      C:\project\PCIe_ECP5_MF\work\clarity\versa_ecp5\pcie_subsys\pcie_x1_top\pcie_eval\pcie_x1_top\src\params\pci_exp_params.v (2022-02-27 15:22:35)
116      C:\project\PCIe_ECP5_MF\work\clarity\versa_ecp5\pcie_subsys\pcie_x1_top\pcie_x1_top.v (2022-02-27 15:22:49)
117      C:\project\PCIe_ECP5_MF\work\clarity\versa_ecp5\pcie_subsys\pcie_x1_top\pcie_x1_top_core_bb.v (2022-02-27 15:22:50)

*******************************************************************
Unchanged modules: 76
MID:  lib.cell.view
0        work.adr_decode.rtl
1        work.adr_decode.vhdl
2        work.clock_gen.rtl
3        work.clock_gen.vhdl
4        work.core_mf8c.rtl
5        work.core_mf8c.vhdl
6        work.dma_subsys.rtl
7        work.dma_subsys.vhdl
8        work.dma_subsys_regs.rtl
9        work.dma_subsys_regs.vhdl
10       work.jxb3_regs_ctrl.rtl
11       work.jxb3_regs_ctrl.vhdl
12       work.jxb3_spi_dma_tgt.rtl
13       work.jxb3_spi_dma_tgt.vhdl
14       work.modem_regs_16550s.rtl
15       work.modem_regs_16550s.vhdl
16       work.pcat_16550s.rtl
17       work.pcat_16550s.vhdl
18       work.pcie_mfx1_top.verilog
19       work.pcie_mfx1_top_combo.rtl
20       work.pcie_mfx1_top_combo.vhdl
21       work.pcie_refclk.verilog
22       work.pcie_subsys.verilog
23       work.pcie_x1_top.verilog
24       work.pcie_x1_top_core.verilog
25       work.pcie_x1_top_ctc.verilog
26       work.pcie_x1_top_pcs.verilog
27       work.pcie_x1_top_pcsrsl_core.verilog
28       work.pcie_x1_top_pcssll_core.verilog
29       work.pcie_x1_top_phy.verilog
30       work.pcie_x1_top_pipe.verilog
31       work.pcie_x1_top_sync1s.verilog
33       work.rx_16550s.rtl
34       work.rx_16550s.vhdl
35       work.rx_rsl.rx_rsl_arc
36       work.rx_rsl.vhdl
37       work.rx_ser_8250_core.rtl
38       work.rx_ser_8250_core.vhdl
39       work.tsls_wb_bmram.rtl
40       work.tsls_wb_bmram.vhdl
41       work.tspc_cdc_ack.rtl
42       work.tspc_cdc_ack.vhdl
43       work.tspc_cdc_reg.rtl
44       work.tspc_cdc_reg.vhdl
45       work.tspc_cdc_vec.rtl
46       work.tspc_cdc_vec.vhdl
47       work.tspc_cfi_spim_pw2n.rtl
48       work.tspc_cfi_spim_pw2n.vhdl
49       work.tspc_dma_chan_ms.rtl
50       work.tspc_dma_chan_ms.vhdl
51       work.tspc_dma_chan_ms_ctl.rtl
52       work.tspc_dma_chan_ms_ctl.vhdl
53       work.tspc_event_latch.rtl
54       work.tspc_event_latch.vhdl
55       work.tspc_fifo_ctl_sync.rtl
56       work.tspc_fifo_ctl_sync.vhdl
57       work.tspc_fifo_sync.rtl
58       work.tspc_fifo_sync.vhdl
59       work.tspc_fifo_sync_mem.rtl
60       work.tspc_fifo_sync_mem.vhdl
61       work.tspc_reg_pipeline.rtl
62       work.tspc_reg_pipeline.vhdl
63       work.tspc_wb_cfi_jxb3.rtl
64       work.tspc_wb_cfi_jxb3.vhdl
65       work.tspc_wb_ebr_ctl.rtl
66       work.tspc_wb_ebr_ctl.vhdl
67       work.tx_16550s.rtl
68       work.tx_16550s.vhdl
69       work.tx_ser_8250_core.rtl
70       work.tx_ser_8250_core.vhdl
71       work.uart_block.rtl
72       work.uart_block.vhdl
73       work.versa_ecp5.rtl
74       work.versa_ecp5.vhdl
75       work.wb_16550s.rtl
76       work.wb_16550s.vhdl
