
Copyright (C) 1994-2021 Synopsys, Inc.
This Synopsys software and all associated documentation are proprietary to Synopsys, Inc.
and may only be used pursuant to the terms and conditions of a written license agreement
with Synopsys, Inc. All other use, reproduction, modification, or distribution of the
Synopsys software or the associated documentation is strictly prohibited.
Tool: Synplify Pro (R)
Build: R-2021.03L-SP1-1
Install: C:\lscc\diamond\3.12\synpbase
OS: Windows 6.2

Hostname: L-EQSS42R

Implementation : mf8c
Synopsys HDL compiler and linker, Version comp202103synp2, Build 222R, Built Dec 22 2021 00:18:12, @

Modified Files: 101
FID:  path (prevtimestamp, timestamp)
18       C:\project\PCIe_ECP5_MF\soc\common\packages\tspc_utils\vhdl\tspc_utils-p.vhd (2022-02-27 12:29:25, 2022-02-27 18:53:58)
19       C:\project\PCIe_ECP5_MF\soc\common\packages\tspc_utils\vhdl\tspc_utils-pb.vhd (2022-02-27 12:29:25, 2022-02-27 18:53:58)
20       C:\project\PCIe_ECP5_MF\soc\common\packages\tspc_wbone_types\vhdl\tspc_wbone_types-p.vhd (2022-02-27 12:29:25, 2022-02-27 18:53:58)
21       C:\project\PCIe_ECP5_MF\soc\common\packages\tspc_wbone_types\vhdl\tspc_wbone_types-pb.vhd (2022-02-27 12:29:25, 2022-02-27 18:53:58)
22       C:\project\PCIe_ECP5_MF\soc\common\units\tspc_cdc_ack\vhdl\tspc_cdc_ack-a_rtl.vhd (2022-02-27 12:29:25, 2022-02-27 18:53:58)
23       C:\project\PCIe_ECP5_MF\soc\common\units\tspc_cdc_ack\vhdl\tspc_cdc_ack-e.vhd (2022-02-27 12:29:25, 2022-02-27 18:53:58)
24       C:\project\PCIe_ECP5_MF\soc\common\units\tspc_cdc_reg\vhdl\tspc_cdc_reg-a_rtl.vhd (2022-02-27 12:29:25, 2022-02-27 18:53:58)
25       C:\project\PCIe_ECP5_MF\soc\common\units\tspc_cdc_reg\vhdl\tspc_cdc_reg-e.vhd (2022-02-27 12:29:25, 2022-02-27 18:53:58)
26       C:\project\PCIe_ECP5_MF\soc\common\units\tspc_cdc_vec\vhdl\tspc_cdc_vec-a_rtl.vhd (2022-02-27 12:29:25, 2022-02-27 18:53:58)
27       C:\project\PCIe_ECP5_MF\soc\common\units\tspc_cdc_vec\vhdl\tspc_cdc_vec-e.vhd (2022-02-27 12:29:25, 2022-02-27 18:53:58)
28       C:\project\PCIe_ECP5_MF\soc\common\units\tspc_event_latch\vhdl\tspc_event_latch-a_rtl.vhd (2022-02-27 12:29:25, 2022-02-27 18:53:58)
29       C:\project\PCIe_ECP5_MF\soc\common\units\tspc_event_latch\vhdl\tspc_event_latch-e.vhd (2022-02-27 12:29:25, 2022-02-27 18:53:58)
30       C:\project\PCIe_ECP5_MF\soc\common\units\tspc_fifo_ctl_sync\vhdl\tspc_fifo_ctl_sync-a_rtl.vhd (2022-02-27 12:29:25, 2022-02-27 18:53:58)
31       C:\project\PCIe_ECP5_MF\soc\common\units\tspc_fifo_ctl_sync\vhdl\tspc_fifo_ctl_sync-e.vhd (2022-02-27 12:29:25, 2022-02-27 18:53:58)
32       C:\project\PCIe_ECP5_MF\soc\common\units\tspc_fifo_sync\tech\vhdl\tspc_fifo_sync_mem-a_rtl.vhd (2022-02-27 12:29:25, 2022-02-27 18:53:58)
33       C:\project\PCIe_ECP5_MF\soc\common\units\tspc_fifo_sync\tech\vhdl\tspc_fifo_sync_mem-e.vhd (2022-02-27 12:29:25, 2022-02-27 18:53:58)
34       C:\project\PCIe_ECP5_MF\soc\common\units\tspc_fifo_sync\top\vhdl\tspc_fifo_sync-a_rtl.vhd (2022-02-27 12:29:25, 2022-02-27 18:53:58)
35       C:\project\PCIe_ECP5_MF\soc\common\units\tspc_fifo_sync\top\vhdl\tspc_fifo_sync-e.vhd (2022-02-27 12:29:25, 2022-02-27 18:53:58)
36       C:\project\PCIe_ECP5_MF\soc\common\units\tspc_fifo_sync\top\vhdl\tspc_fifo_sync_comps-p.vhd (2022-02-27 12:29:25, 2022-02-27 18:53:58)
37       C:\project\PCIe_ECP5_MF\soc\common\units\tspc_reg_pipeline\vhdl\tspc_reg_pipeline-a_rtl.vhd (2022-02-27 12:29:25, 2022-02-27 18:53:58)
38       C:\project\PCIe_ECP5_MF\soc\common\units\tspc_reg_pipeline\vhdl\tspc_reg_pipeline-e.vhd (2022-02-27 12:29:25, 2022-02-27 18:53:58)
39       C:\project\PCIe_ECP5_MF\soc\top\core_mf8c\vhdl\core_mf8c-a_rtl.vhd (2022-02-27 12:29:24, 2022-02-27 18:53:58)
40       C:\project\PCIe_ECP5_MF\soc\top\core_mf8c\vhdl\core_mf8c-e.vhd (2022-02-27 12:29:24, 2022-02-27 18:53:58)
41       C:\project\PCIe_ECP5_MF\soc\top\core_mf8c\vhdl\core_mf8c_comps-p.vhd (2022-02-27 12:29:24, 2022-02-27 18:53:58)
42       C:\project\PCIe_ECP5_MF\soc\top\core_mf8c\vhdl\core_mf8c_exports-p.vhd (2022-02-27 12:29:24, 2022-02-27 18:53:58)
43       C:\project\PCIe_ECP5_MF\soc\top\versa_ecp5\vhdl\versa_ecp5-a_rtl.vhd (2022-02-27 12:29:24, 2022-02-27 18:53:58)
44       C:\project\PCIe_ECP5_MF\soc\top\versa_ecp5\vhdl\versa_ecp5-e.vhd (2022-02-27 12:29:24, 2022-02-27 18:53:58)
45       C:\project\PCIe_ECP5_MF\soc\top\versa_ecp5\vhdl\versa_ecp5_comps-p.vhd (2022-02-27 12:29:24, 2022-02-27 18:53:58)
46       C:\project\PCIe_ECP5_MF\soc\units\adr_decode\vhdl\adr_decode-a_rtl.vhd (2022-02-27 12:29:24, 2022-02-27 18:53:58)
47       C:\project\PCIe_ECP5_MF\soc\units\adr_decode\vhdl\adr_decode-e.vhd (2022-02-27 12:29:24, 2022-02-27 18:53:58)
48       C:\project\PCIe_ECP5_MF\soc\units\clock_gen\vhdl\clock_gen-a_rtl.vhd (2022-02-27 12:29:24, 2022-02-27 18:53:58)
49       C:\project\PCIe_ECP5_MF\soc\units\clock_gen\vhdl\clock_gen-e.vhd (2022-02-27 12:29:24, 2022-02-27 18:53:58)
50       C:\project\PCIe_ECP5_MF\soc\units\dma_subsys\top\vhdl\dma_subsys-a_rtl.vhd (2022-02-27 12:29:24, 2022-02-27 18:53:58)
51       C:\project\PCIe_ECP5_MF\soc\units\dma_subsys\top\vhdl\dma_subsys-e.vhd (2022-02-27 12:29:24, 2022-02-27 18:53:58)
52       C:\project\PCIe_ECP5_MF\soc\units\dma_subsys\top\vhdl\dma_subsys_comps-p.vhd (2022-02-27 12:29:24, 2022-02-27 18:53:58)
53       C:\project\PCIe_ECP5_MF\soc\units\dma_subsys\units\dma_subsys_regs\vhdl\dma_subsys_regs-a_rtl.vhd (2022-02-27 12:29:24, 2022-02-27 18:53:58)
54       C:\project\PCIe_ECP5_MF\soc\units\dma_subsys\units\dma_subsys_regs\vhdl\dma_subsys_regs-e.vhd (2022-02-27 12:29:24, 2022-02-27 18:53:58)
55       C:\project\PCIe_ECP5_MF\soc\units\dma_subsys\units\dma_subsys_regs\vhdl\dma_subsys_regs_types-p.vhd (2022-02-27 12:29:24, 2022-02-27 18:53:58)
56       C:\project\PCIe_ECP5_MF\soc\units\dma_subsys\units\dma_subsys_regs\vhdl\dma_subsys_regs_types-pb.vhd (2022-02-27 12:29:24, 2022-02-27 18:53:58)
57       C:\project\PCIe_ECP5_MF\soc\units\dma_subsys\units\tspc_dma_chan_ms\top\vhdl\tspc_dma_chan_ms-a_rtl.vhd (2022-02-27 12:29:24, 2022-02-27 18:53:58)
58       C:\project\PCIe_ECP5_MF\soc\units\dma_subsys\units\tspc_dma_chan_ms\top\vhdl\tspc_dma_chan_ms-e.vhd (2022-02-27 12:29:24, 2022-02-27 18:53:58)
59       C:\project\PCIe_ECP5_MF\soc\units\dma_subsys\units\tspc_dma_chan_ms\top\vhdl\tspc_dma_chan_ms_comps-p.vhd (2022-02-27 12:29:24, 2022-02-27 18:53:58)
60       C:\project\PCIe_ECP5_MF\soc\units\dma_subsys\units\tspc_dma_chan_ms\top\vhdl\tspc_dma_chan_ms_types-p.vhd (2022-02-27 12:29:24, 2022-02-27 18:53:58)
61       C:\project\PCIe_ECP5_MF\soc\units\dma_subsys\units\tspc_dma_chan_ms\top\vhdl\tspc_dma_chan_ms_types-pb.vhd (2022-02-27 12:29:24, 2022-02-27 18:53:58)
62       C:\project\PCIe_ECP5_MF\soc\units\dma_subsys\units\tspc_dma_chan_ms\units\vhdl\tspc_dma_chan_ms_ctl-a_rtl.vhd (2022-02-27 12:29:24, 2022-02-27 18:53:58)
63       C:\project\PCIe_ECP5_MF\soc\units\dma_subsys\units\tspc_dma_chan_ms\units\vhdl\tspc_dma_chan_ms_ctl-e.vhd (2022-02-27 12:29:24, 2022-02-27 18:53:58)
64       C:\project\PCIe_ECP5_MF\soc\units\rx_rsl\vhdl\rx_rsl.vhd (2022-02-27 12:29:24, 2022-02-27 18:53:58)
65       C:\project\PCIe_ECP5_MF\soc\units\tsls_wb_bmram\top\vhdl\tsls_wb_bmram-a_rtl.vhd (2022-02-27 12:29:24, 2022-02-27 18:53:58)
66       C:\project\PCIe_ECP5_MF\soc\units\tsls_wb_bmram\top\vhdl\tsls_wb_bmram-e.vhd (2022-02-27 12:29:24, 2022-02-27 18:53:58)
67       C:\project\PCIe_ECP5_MF\soc\units\tsls_wb_bmram\units\tspc_wb_ebr_ctl\vhdl\tspc_wb_ebr_ctl-a_rtl.vhd (2022-02-27 12:29:24, 2022-02-27 18:53:58)
68       C:\project\PCIe_ECP5_MF\soc\units\tsls_wb_bmram\units\tspc_wb_ebr_ctl\vhdl\tspc_wb_ebr_ctl-e.vhd (2022-02-27 12:29:24, 2022-02-27 18:53:58)
69       C:\project\PCIe_ECP5_MF\soc\units\tspc_wb_cfi_jxb3\top\vhdl\tspc_wb_cfi_jxb3-a_rtl.vhd (2022-02-27 12:29:24, 2022-02-27 18:53:58)
70       C:\project\PCIe_ECP5_MF\soc\units\tspc_wb_cfi_jxb3\top\vhdl\tspc_wb_cfi_jxb3-e.vhd (2022-02-27 12:29:24, 2022-02-27 18:53:58)
71       C:\project\PCIe_ECP5_MF\soc\units\tspc_wb_cfi_jxb3\top\vhdl\tspc_wb_cfi_jxb3_comps-p.vhd (2022-02-27 12:29:24, 2022-02-27 18:53:58)
72       C:\project\PCIe_ECP5_MF\soc\units\tspc_wb_cfi_jxb3\units\others\vhdl\jxb3_cfi_reg_types-p.vhd (2022-02-27 12:29:24, 2022-02-27 18:53:58)
73       C:\project\PCIe_ECP5_MF\soc\units\tspc_wb_cfi_jxb3\units\others\vhdl\jxb3_cfi_reg_types-pb.vhd (2022-02-27 12:29:24, 2022-02-27 18:53:58)
74       C:\project\PCIe_ECP5_MF\soc\units\tspc_wb_cfi_jxb3\units\others\vhdl\jxb3_regs_ctrl-a_rtl.vhd (2022-02-27 12:29:24, 2022-02-27 18:53:58)
75       C:\project\PCIe_ECP5_MF\soc\units\tspc_wb_cfi_jxb3\units\others\vhdl\jxb3_regs_ctrl-e.vhd (2022-02-27 12:29:24, 2022-02-27 18:53:58)
76       C:\project\PCIe_ECP5_MF\soc\units\tspc_wb_cfi_jxb3\units\others\vhdl\jxb3_spi_dma_tgt-a_rtl.vhd (2022-02-27 12:29:24, 2022-02-27 18:53:58)
77       C:\project\PCIe_ECP5_MF\soc\units\tspc_wb_cfi_jxb3\units\others\vhdl\jxb3_spi_dma_tgt-e.vhd (2022-02-27 12:29:24, 2022-02-27 18:53:58)
78       C:\project\PCIe_ECP5_MF\soc\units\tspc_wb_cfi_jxb3\units\tspc_cfi_spim_pw2n\vhdl\tspc_cfi_spim_pw2n-a_rtl.vhd (2022-02-27 12:29:24, 2022-02-27 18:53:58)
79       C:\project\PCIe_ECP5_MF\soc\units\tspc_wb_cfi_jxb3\units\tspc_cfi_spim_pw2n\vhdl\tspc_cfi_spim_pw2n-e.vhd (2022-02-27 12:29:24, 2022-02-27 18:53:58)
80       C:\project\PCIe_ECP5_MF\soc\units\tspc_wb_cfi_jxb3\units\tspc_cfi_spim_pw2n\vhdl\tspc_cfi_spim_pw2n_types-p.vhd (2022-02-27 12:29:24, 2022-02-27 18:53:58)
81       C:\project\PCIe_ECP5_MF\soc\units\uart_block\vhdl\uart_block-a_rtl.vhd (2022-02-27 12:29:24, 2022-02-27 18:53:58)
82       C:\project\PCIe_ECP5_MF\soc\units\uart_block\vhdl\uart_block-e.vhd (2022-02-27 12:29:24, 2022-02-27 18:53:58)
83       C:\project\PCIe_ECP5_MF\soc\units\uart_block\vhdl\uart_block_comps-p.vhd (2022-02-27 12:29:24, 2022-02-27 18:53:58)
84       C:\project\PCIe_ECP5_MF\soc\units\wb_16550s\top\vhdl\wb_16550s-a_rtl.vhd (2022-02-27 12:29:24, 2022-02-27 18:53:58)
85       C:\project\PCIe_ECP5_MF\soc\units\wb_16550s\top\vhdl\wb_16550s-e.vhd (2022-02-27 12:29:24, 2022-02-27 18:53:58)
86       C:\project\PCIe_ECP5_MF\soc\units\wb_16550s\units\modem_regs_16550s\vhdl\modem_regs_16550s-a_rtl.vhd (2022-02-27 12:29:24, 2022-02-27 18:53:58)
87       C:\project\PCIe_ECP5_MF\soc\units\wb_16550s\units\modem_regs_16550s\vhdl\modem_regs_16550s-e.vhd (2022-02-27 12:29:24, 2022-02-27 18:53:58)
88       C:\project\PCIe_ECP5_MF\soc\units\wb_16550s\units\modem_regs_16550s\vhdl\modem_regs_16550s_comps-p.vhd (2022-02-27 12:29:24, 2022-02-27 18:53:58)
89       C:\project\PCIe_ECP5_MF\soc\units\wb_16550s\units\pcat_16550s\vhdl\pcat_16550s-a_rtl.vhd (2022-02-27 12:29:24, 2022-02-27 18:53:58)
90       C:\project\PCIe_ECP5_MF\soc\units\wb_16550s\units\pcat_16550s\vhdl\pcat_16550s-e.vhd (2022-02-27 12:29:24, 2022-02-27 18:53:58)
91       C:\project\PCIe_ECP5_MF\soc\units\wb_16550s\units\pcat_16550s\vhdl\pcat_16550s_comps-p.vhd (2022-02-27 12:29:24, 2022-02-27 18:53:58)
92       C:\project\PCIe_ECP5_MF\soc\units\wb_16550s\units\rx_16550s\vhdl\rx_16550s-a_rtl.vhd (2022-02-27 12:29:24, 2022-02-27 18:53:58)
93       C:\project\PCIe_ECP5_MF\soc\units\wb_16550s\units\rx_16550s\vhdl\rx_16550s-e.vhd (2022-02-27 12:29:24, 2022-02-27 18:53:58)
94       C:\project\PCIe_ECP5_MF\soc\units\wb_16550s\units\rx_16550s\vhdl\rx_16550s_comps-p.vhd (2022-02-27 12:29:24, 2022-02-27 18:53:58)
95       C:\project\PCIe_ECP5_MF\soc\units\wb_16550s\units\rx_ser_8250\vhdl\rx_ser_8250_core-a_rtl.vhd (2022-02-27 12:29:24, 2022-02-27 18:53:58)
96       C:\project\PCIe_ECP5_MF\soc\units\wb_16550s\units\rx_ser_8250\vhdl\rx_ser_8250_core-e.vhd (2022-02-27 12:29:24, 2022-02-27 18:53:58)
97       C:\project\PCIe_ECP5_MF\soc\units\wb_16550s\units\rx_ser_8250\vhdl\rx_ser_8250_core_types-p.vhd (2022-02-27 12:29:24, 2022-02-27 18:53:58)
98       C:\project\PCIe_ECP5_MF\soc\units\wb_16550s\units\rx_ser_8250\vhdl\rx_ser_8250_core_types-pb.vhd (2022-02-27 12:29:24, 2022-02-27 18:53:58)
99       C:\project\PCIe_ECP5_MF\soc\units\wb_16550s\units\tx_16550s\vhdl\tx_16550s-a_rtl.vhd (2022-02-27 12:29:25, 2022-02-27 18:53:58)
100      C:\project\PCIe_ECP5_MF\soc\units\wb_16550s\units\tx_16550s\vhdl\tx_16550s-e.vhd (2022-02-27 12:29:25, 2022-02-27 18:53:58)
101      C:\project\PCIe_ECP5_MF\soc\units\wb_16550s\units\tx_16550s\vhdl\tx_16550s_comps-p.vhd (2022-02-27 12:29:25, 2022-02-27 18:53:58)
102      C:\project\PCIe_ECP5_MF\soc\units\wb_16550s\units\tx_ser_8250\vhdl\tx_ser_8250_core-a_rtl.vhd (2022-02-27 12:29:25, 2022-02-27 18:53:58)
103      C:\project\PCIe_ECP5_MF\soc\units\wb_16550s\units\tx_ser_8250\vhdl\tx_ser_8250_core-e.vhd (2022-02-27 12:29:25, 2022-02-27 18:53:58)
104      C:\project\PCIe_ECP5_MF\soc\units\wb_16550s\units\tx_ser_8250\vhdl\tx_ser_8250_core_types-p.vhd (2022-02-27 12:29:25, 2022-02-27 18:53:58)
105      C:\project\PCIe_ECP5_MF\work\clarity\versa_ecp5\pcie_subsys\pcie_mfx1_top\pcie_mfx1_top_bb.v (2022-02-27 15:20:20, 2022-02-27 18:53:58)
106      C:\project\PCIe_ECP5_MF\work\clarity\versa_ecp5\pcie_subsys\pcie_mfx1_top\pcie_mfx1_top_combo.vhd (2022-02-27 15:20:20, 2022-02-27 18:53:58)
107      C:\project\PCIe_ECP5_MF\work\clarity\versa_ecp5\pcie_subsys\pcie_refclk\pcie_refclk.v (2022-02-27 15:22:35, 2022-02-27 18:53:59)
108      C:\project\PCIe_ECP5_MF\work\clarity\versa_ecp5\pcie_subsys\pcie_subsys.v (2022-02-27 15:24:38, 2022-02-27 18:53:59)
109      C:\project\PCIe_ECP5_MF\work\clarity\versa_ecp5\pcie_subsys\pcie_x1_top\pcie_eval\models\ecp5um\pcie_x1_top_ctc.v (2022-02-27 15:22:49, 2022-02-27 18:53:59)
110      C:\project\PCIe_ECP5_MF\work\clarity\versa_ecp5\pcie_subsys\pcie_x1_top\pcie_eval\models\ecp5um\pcie_x1_top_pcs.v (2022-02-27 12:29:25, 2022-02-27 18:53:59)
111      C:\project\PCIe_ECP5_MF\work\clarity\versa_ecp5\pcie_subsys\pcie_x1_top\pcie_eval\models\ecp5um\pcie_x1_top_pcs_softlogic.v (2022-02-27 15:22:49, 2022-02-27 18:53:59)
112      C:\project\PCIe_ECP5_MF\work\clarity\versa_ecp5\pcie_subsys\pcie_x1_top\pcie_eval\models\ecp5um\pcie_x1_top_phy.v (2022-02-27 15:22:49, 2022-02-27 18:53:59)
113      C:\project\PCIe_ECP5_MF\work\clarity\versa_ecp5\pcie_subsys\pcie_x1_top\pcie_eval\models\ecp5um\pcie_x1_top_pipe.v (2022-02-27 15:22:49, 2022-02-27 18:53:59)
114      C:\project\PCIe_ECP5_MF\work\clarity\versa_ecp5\pcie_subsys\pcie_x1_top\pcie_eval\models\ecp5um\pcie_x1_top_sync1s.v (2022-02-27 15:22:49, 2022-02-27 18:53:59)
115      C:\project\PCIe_ECP5_MF\work\clarity\versa_ecp5\pcie_subsys\pcie_x1_top\pcie_eval\pcie_x1_top\src\params\pci_exp_params.v (2022-02-27 15:22:35, 2022-02-27 18:53:59)
116      C:\project\PCIe_ECP5_MF\work\clarity\versa_ecp5\pcie_subsys\pcie_x1_top\pcie_x1_top.v (2022-02-27 15:22:49, 2022-02-27 18:53:59)
117      C:\project\PCIe_ECP5_MF\work\clarity\versa_ecp5\pcie_subsys\pcie_x1_top\pcie_x1_top_core_bb.v (2022-02-27 15:22:50, 2022-02-27 18:53:59)
121      C:\project\PCIe_ECP5_MF\work\clarity\versa_ecp5\xclk_subsys\pll_xclk_base\pll_xclk_base.v (2022-02-27 15:51:06, 2022-02-27 18:53:59)

*******************************************************************
Modules that may have changed as a result of file changes: 45
MID:  lib.cell.view
0        work.adr_decode.rtl may have changed because the following files changed:
                        C:\project\PCIe_ECP5_MF\soc\top\core_mf8c\vhdl\core_mf8c-a_rtl.vhd (2022-02-27 12:29:24, 2022-02-27 18:53:58) <-- (may instantiate this module)
                        C:\project\PCIe_ECP5_MF\soc\top\core_mf8c\vhdl\core_mf8c-e.vhd (2022-02-27 12:29:24, 2022-02-27 18:53:58) <-- (may instantiate this module)
                        C:\project\PCIe_ECP5_MF\soc\top\versa_ecp5\vhdl\versa_ecp5-a_rtl.vhd (2022-02-27 12:29:24, 2022-02-27 18:53:58) <-- (may instantiate this module)
                        C:\project\PCIe_ECP5_MF\soc\top\versa_ecp5\vhdl\versa_ecp5-e.vhd (2022-02-27 12:29:24, 2022-02-27 18:53:58) <-- (may instantiate this module)
                        C:\project\PCIe_ECP5_MF\soc\units\adr_decode\vhdl\adr_decode-a_rtl.vhd (2022-02-27 12:29:24, 2022-02-27 18:53:58) <-- (architecture definition)
2        work.clock_gen.rtl may have changed because the following files changed:
                        C:\project\PCIe_ECP5_MF\soc\top\core_mf8c\vhdl\core_mf8c-a_rtl.vhd (2022-02-27 12:29:24, 2022-02-27 18:53:58) <-- (may instantiate this module)
                        C:\project\PCIe_ECP5_MF\soc\top\core_mf8c\vhdl\core_mf8c-e.vhd (2022-02-27 12:29:24, 2022-02-27 18:53:58) <-- (may instantiate this module)
                        C:\project\PCIe_ECP5_MF\soc\top\versa_ecp5\vhdl\versa_ecp5-a_rtl.vhd (2022-02-27 12:29:24, 2022-02-27 18:53:58) <-- (may instantiate this module)
                        C:\project\PCIe_ECP5_MF\soc\top\versa_ecp5\vhdl\versa_ecp5-e.vhd (2022-02-27 12:29:24, 2022-02-27 18:53:58) <-- (may instantiate this module)
                        C:\project\PCIe_ECP5_MF\soc\units\clock_gen\vhdl\clock_gen-a_rtl.vhd (2022-02-27 12:29:24, 2022-02-27 18:53:58) <-- (architecture definition)
4        work.core_mf8c.rtl may have changed because the following files changed:
                        C:\project\PCIe_ECP5_MF\soc\top\core_mf8c\vhdl\core_mf8c-a_rtl.vhd (2022-02-27 12:29:24, 2022-02-27 18:53:58) <-- (architecture definition)
                        C:\project\PCIe_ECP5_MF\soc\top\versa_ecp5\vhdl\versa_ecp5-a_rtl.vhd (2022-02-27 12:29:24, 2022-02-27 18:53:58) <-- (may instantiate this module)
                        C:\project\PCIe_ECP5_MF\soc\top\versa_ecp5\vhdl\versa_ecp5-e.vhd (2022-02-27 12:29:24, 2022-02-27 18:53:58) <-- (may instantiate this module)
6        work.dma_subsys.rtl may have changed because the following files changed:
                        C:\project\PCIe_ECP5_MF\soc\top\core_mf8c\vhdl\core_mf8c-a_rtl.vhd (2022-02-27 12:29:24, 2022-02-27 18:53:58) <-- (may instantiate this module)
                        C:\project\PCIe_ECP5_MF\soc\top\core_mf8c\vhdl\core_mf8c-e.vhd (2022-02-27 12:29:24, 2022-02-27 18:53:58) <-- (may instantiate this module)
                        C:\project\PCIe_ECP5_MF\soc\top\versa_ecp5\vhdl\versa_ecp5-a_rtl.vhd (2022-02-27 12:29:24, 2022-02-27 18:53:58) <-- (may instantiate this module)
                        C:\project\PCIe_ECP5_MF\soc\top\versa_ecp5\vhdl\versa_ecp5-e.vhd (2022-02-27 12:29:24, 2022-02-27 18:53:58) <-- (may instantiate this module)
                        C:\project\PCIe_ECP5_MF\soc\units\dma_subsys\top\vhdl\dma_subsys-a_rtl.vhd (2022-02-27 12:29:24, 2022-02-27 18:53:58) <-- (architecture definition)
8        work.dma_subsys_regs.rtl may have changed because the following files changed:
                        C:\project\PCIe_ECP5_MF\soc\top\core_mf8c\vhdl\core_mf8c-a_rtl.vhd (2022-02-27 12:29:24, 2022-02-27 18:53:58) <-- (may instantiate this module)
                        C:\project\PCIe_ECP5_MF\soc\top\core_mf8c\vhdl\core_mf8c-e.vhd (2022-02-27 12:29:24, 2022-02-27 18:53:58) <-- (may instantiate this module)
                        C:\project\PCIe_ECP5_MF\soc\top\versa_ecp5\vhdl\versa_ecp5-a_rtl.vhd (2022-02-27 12:29:24, 2022-02-27 18:53:58) <-- (may instantiate this module)
                        C:\project\PCIe_ECP5_MF\soc\top\versa_ecp5\vhdl\versa_ecp5-e.vhd (2022-02-27 12:29:24, 2022-02-27 18:53:58) <-- (may instantiate this module)
                        C:\project\PCIe_ECP5_MF\soc\units\dma_subsys\top\vhdl\dma_subsys-a_rtl.vhd (2022-02-27 12:29:24, 2022-02-27 18:53:58) <-- (may instantiate this module)
                        C:\project\PCIe_ECP5_MF\soc\units\dma_subsys\top\vhdl\dma_subsys-e.vhd (2022-02-27 12:29:24, 2022-02-27 18:53:58) <-- (may instantiate this module)
                        C:\project\PCIe_ECP5_MF\soc\units\dma_subsys\units\dma_subsys_regs\vhdl\dma_subsys_regs-a_rtl.vhd (2022-02-27 12:29:24, 2022-02-27 18:53:58) <-- (architecture definition)
10       work.jxb3_regs_ctrl.rtl may have changed because the following files changed:
                        C:\project\PCIe_ECP5_MF\soc\top\core_mf8c\vhdl\core_mf8c-a_rtl.vhd (2022-02-27 12:29:24, 2022-02-27 18:53:58) <-- (may instantiate this module)
                        C:\project\PCIe_ECP5_MF\soc\top\core_mf8c\vhdl\core_mf8c-e.vhd (2022-02-27 12:29:24, 2022-02-27 18:53:58) <-- (may instantiate this module)
                        C:\project\PCIe_ECP5_MF\soc\top\versa_ecp5\vhdl\versa_ecp5-a_rtl.vhd (2022-02-27 12:29:24, 2022-02-27 18:53:58) <-- (may instantiate this module)
                        C:\project\PCIe_ECP5_MF\soc\top\versa_ecp5\vhdl\versa_ecp5-e.vhd (2022-02-27 12:29:24, 2022-02-27 18:53:58) <-- (may instantiate this module)
                        C:\project\PCIe_ECP5_MF\soc\units\tspc_wb_cfi_jxb3\top\vhdl\tspc_wb_cfi_jxb3-a_rtl.vhd (2022-02-27 12:29:24, 2022-02-27 18:53:58) <-- (may instantiate this module)
                        C:\project\PCIe_ECP5_MF\soc\units\tspc_wb_cfi_jxb3\top\vhdl\tspc_wb_cfi_jxb3-e.vhd (2022-02-27 12:29:24, 2022-02-27 18:53:58) <-- (may instantiate this module)
                        C:\project\PCIe_ECP5_MF\soc\units\tspc_wb_cfi_jxb3\units\others\vhdl\jxb3_regs_ctrl-a_rtl.vhd (2022-02-27 12:29:24, 2022-02-27 18:53:58) <-- (architecture definition)
12       work.jxb3_spi_dma_tgt.rtl may have changed because the following files changed:
                        C:\project\PCIe_ECP5_MF\soc\top\core_mf8c\vhdl\core_mf8c-a_rtl.vhd (2022-02-27 12:29:24, 2022-02-27 18:53:58) <-- (may instantiate this module)
                        C:\project\PCIe_ECP5_MF\soc\top\core_mf8c\vhdl\core_mf8c-e.vhd (2022-02-27 12:29:24, 2022-02-27 18:53:58) <-- (may instantiate this module)
                        C:\project\PCIe_ECP5_MF\soc\top\versa_ecp5\vhdl\versa_ecp5-a_rtl.vhd (2022-02-27 12:29:24, 2022-02-27 18:53:58) <-- (may instantiate this module)
                        C:\project\PCIe_ECP5_MF\soc\top\versa_ecp5\vhdl\versa_ecp5-e.vhd (2022-02-27 12:29:24, 2022-02-27 18:53:58) <-- (may instantiate this module)
                        C:\project\PCIe_ECP5_MF\soc\units\tspc_wb_cfi_jxb3\top\vhdl\tspc_wb_cfi_jxb3-a_rtl.vhd (2022-02-27 12:29:24, 2022-02-27 18:53:58) <-- (may instantiate this module)
                        C:\project\PCIe_ECP5_MF\soc\units\tspc_wb_cfi_jxb3\top\vhdl\tspc_wb_cfi_jxb3-e.vhd (2022-02-27 12:29:24, 2022-02-27 18:53:58) <-- (may instantiate this module)
                        C:\project\PCIe_ECP5_MF\soc\units\tspc_wb_cfi_jxb3\units\others\vhdl\jxb3_spi_dma_tgt-a_rtl.vhd (2022-02-27 12:29:24, 2022-02-27 18:53:58) <-- (architecture definition)
14       work.modem_regs_16550s.rtl may have changed because the following files changed:
                        C:\project\PCIe_ECP5_MF\soc\top\core_mf8c\vhdl\core_mf8c-a_rtl.vhd (2022-02-27 12:29:24, 2022-02-27 18:53:58) <-- (may instantiate this module)
                        C:\project\PCIe_ECP5_MF\soc\top\core_mf8c\vhdl\core_mf8c-e.vhd (2022-02-27 12:29:24, 2022-02-27 18:53:58) <-- (may instantiate this module)
                        C:\project\PCIe_ECP5_MF\soc\top\versa_ecp5\vhdl\versa_ecp5-a_rtl.vhd (2022-02-27 12:29:24, 2022-02-27 18:53:58) <-- (may instantiate this module)
                        C:\project\PCIe_ECP5_MF\soc\top\versa_ecp5\vhdl\versa_ecp5-e.vhd (2022-02-27 12:29:24, 2022-02-27 18:53:58) <-- (may instantiate this module)
                        C:\project\PCIe_ECP5_MF\soc\units\uart_block\vhdl\uart_block-a_rtl.vhd (2022-02-27 12:29:24, 2022-02-27 18:53:58) <-- (may instantiate this module)
                        C:\project\PCIe_ECP5_MF\soc\units\uart_block\vhdl\uart_block-e.vhd (2022-02-27 12:29:24, 2022-02-27 18:53:58) <-- (may instantiate this module)
                        C:\project\PCIe_ECP5_MF\soc\units\wb_16550s\top\vhdl\wb_16550s-a_rtl.vhd (2022-02-27 12:29:24, 2022-02-27 18:53:58) <-- (may instantiate this module)
                        C:\project\PCIe_ECP5_MF\soc\units\wb_16550s\top\vhdl\wb_16550s-e.vhd (2022-02-27 12:29:24, 2022-02-27 18:53:58) <-- (may instantiate this module)
                        C:\project\PCIe_ECP5_MF\soc\units\wb_16550s\units\modem_regs_16550s\vhdl\modem_regs_16550s-a_rtl.vhd (2022-02-27 12:29:24, 2022-02-27 18:53:58) <-- (architecture definition)
                        C:\project\PCIe_ECP5_MF\soc\units\wb_16550s\units\pcat_16550s\vhdl\pcat_16550s-a_rtl.vhd (2022-02-27 12:29:24, 2022-02-27 18:53:58) <-- (may instantiate this module)
                        C:\project\PCIe_ECP5_MF\soc\units\wb_16550s\units\pcat_16550s\vhdl\pcat_16550s-e.vhd (2022-02-27 12:29:24, 2022-02-27 18:53:58) <-- (may instantiate this module)
16       work.pcat_16550s.rtl may have changed because the following files changed:
                        C:\project\PCIe_ECP5_MF\soc\top\core_mf8c\vhdl\core_mf8c-a_rtl.vhd (2022-02-27 12:29:24, 2022-02-27 18:53:58) <-- (may instantiate this module)
                        C:\project\PCIe_ECP5_MF\soc\top\core_mf8c\vhdl\core_mf8c-e.vhd (2022-02-27 12:29:24, 2022-02-27 18:53:58) <-- (may instantiate this module)
                        C:\project\PCIe_ECP5_MF\soc\top\versa_ecp5\vhdl\versa_ecp5-a_rtl.vhd (2022-02-27 12:29:24, 2022-02-27 18:53:58) <-- (may instantiate this module)
                        C:\project\PCIe_ECP5_MF\soc\top\versa_ecp5\vhdl\versa_ecp5-e.vhd (2022-02-27 12:29:24, 2022-02-27 18:53:58) <-- (may instantiate this module)
                        C:\project\PCIe_ECP5_MF\soc\units\uart_block\vhdl\uart_block-a_rtl.vhd (2022-02-27 12:29:24, 2022-02-27 18:53:58) <-- (may instantiate this module)
                        C:\project\PCIe_ECP5_MF\soc\units\uart_block\vhdl\uart_block-e.vhd (2022-02-27 12:29:24, 2022-02-27 18:53:58) <-- (may instantiate this module)
                        C:\project\PCIe_ECP5_MF\soc\units\wb_16550s\top\vhdl\wb_16550s-a_rtl.vhd (2022-02-27 12:29:24, 2022-02-27 18:53:58) <-- (may instantiate this module)
                        C:\project\PCIe_ECP5_MF\soc\units\wb_16550s\top\vhdl\wb_16550s-e.vhd (2022-02-27 12:29:24, 2022-02-27 18:53:58) <-- (may instantiate this module)
                        C:\project\PCIe_ECP5_MF\soc\units\wb_16550s\units\pcat_16550s\vhdl\pcat_16550s-a_rtl.vhd (2022-02-27 12:29:24, 2022-02-27 18:53:58) <-- (architecture definition)
18       work.pcie_mfx1_top.verilog may have changed because the following files changed:
                        C:\project\PCIe_ECP5_MF\soc\top\core_mf8c\vhdl\core_mf8c-a_rtl.vhd (2022-02-27 12:29:24, 2022-02-27 18:53:58) <-- (may instantiate this module)
                        C:\project\PCIe_ECP5_MF\soc\top\core_mf8c\vhdl\core_mf8c-e.vhd (2022-02-27 12:29:24, 2022-02-27 18:53:58) <-- (may instantiate this module)
                        C:\project\PCIe_ECP5_MF\soc\top\versa_ecp5\vhdl\versa_ecp5-a_rtl.vhd (2022-02-27 12:29:24, 2022-02-27 18:53:58) <-- (may instantiate this module)
                        C:\project\PCIe_ECP5_MF\soc\top\versa_ecp5\vhdl\versa_ecp5-e.vhd (2022-02-27 12:29:24, 2022-02-27 18:53:58) <-- (may instantiate this module)
                        C:\project\PCIe_ECP5_MF\work\clarity\versa_ecp5\pcie_subsys\pcie_mfx1_top\pcie_mfx1_top_bb.v (2022-02-27 15:20:20, 2022-02-27 18:53:58) <-- (module definition)
                        C:\project\PCIe_ECP5_MF\work\clarity\versa_ecp5\pcie_subsys\pcie_mfx1_top\pcie_mfx1_top_combo.vhd (2022-02-27 15:20:20, 2022-02-27 18:53:58) <-- (may instantiate this module)
                        C:\project\PCIe_ECP5_MF\work\clarity\versa_ecp5\pcie_subsys\pcie_subsys.v (2022-02-27 15:24:38, 2022-02-27 18:53:59) <-- (may instantiate this module)
19       work.pcie_mfx1_top_combo.rtl may have changed because the following files changed:
                        C:\project\PCIe_ECP5_MF\soc\top\core_mf8c\vhdl\core_mf8c-a_rtl.vhd (2022-02-27 12:29:24, 2022-02-27 18:53:58) <-- (may instantiate this module)
                        C:\project\PCIe_ECP5_MF\soc\top\core_mf8c\vhdl\core_mf8c-e.vhd (2022-02-27 12:29:24, 2022-02-27 18:53:58) <-- (may instantiate this module)
                        C:\project\PCIe_ECP5_MF\soc\top\versa_ecp5\vhdl\versa_ecp5-a_rtl.vhd (2022-02-27 12:29:24, 2022-02-27 18:53:58) <-- (may instantiate this module)
                        C:\project\PCIe_ECP5_MF\soc\top\versa_ecp5\vhdl\versa_ecp5-e.vhd (2022-02-27 12:29:24, 2022-02-27 18:53:58) <-- (may instantiate this module)
                        C:\project\PCIe_ECP5_MF\work\clarity\versa_ecp5\pcie_subsys\pcie_mfx1_top\pcie_mfx1_top_combo.vhd (2022-02-27 15:20:20, 2022-02-27 18:53:58) <-- (architecture and entity definition)
21       work.pcie_refclk.verilog may have changed because the following files changed:
                        C:\project\PCIe_ECP5_MF\soc\top\core_mf8c\vhdl\core_mf8c-a_rtl.vhd (2022-02-27 12:29:24, 2022-02-27 18:53:58) <-- (may instantiate this module)
                        C:\project\PCIe_ECP5_MF\soc\top\core_mf8c\vhdl\core_mf8c-e.vhd (2022-02-27 12:29:24, 2022-02-27 18:53:58) <-- (may instantiate this module)
                        C:\project\PCIe_ECP5_MF\soc\top\versa_ecp5\vhdl\versa_ecp5-a_rtl.vhd (2022-02-27 12:29:24, 2022-02-27 18:53:58) <-- (may instantiate this module)
                        C:\project\PCIe_ECP5_MF\soc\top\versa_ecp5\vhdl\versa_ecp5-e.vhd (2022-02-27 12:29:24, 2022-02-27 18:53:58) <-- (may instantiate this module)
                        C:\project\PCIe_ECP5_MF\work\clarity\versa_ecp5\pcie_subsys\pcie_mfx1_top\pcie_mfx1_top_combo.vhd (2022-02-27 15:20:20, 2022-02-27 18:53:58) <-- (may instantiate this module)
                        C:\project\PCIe_ECP5_MF\work\clarity\versa_ecp5\pcie_subsys\pcie_refclk\pcie_refclk.v (2022-02-27 15:22:35, 2022-02-27 18:53:59) <-- (module definition)
                        C:\project\PCIe_ECP5_MF\work\clarity\versa_ecp5\pcie_subsys\pcie_subsys.v (2022-02-27 15:24:38, 2022-02-27 18:53:59) <-- (may instantiate this module)
22       work.pcie_subsys.verilog may have changed because the following files changed:
                        C:\project\PCIe_ECP5_MF\work\clarity\versa_ecp5\pcie_subsys\pcie_subsys.v (2022-02-27 15:24:38, 2022-02-27 18:53:59) <-- (module definition)
23       work.pcie_x1_top.verilog may have changed because the following files changed:
                        C:\project\PCIe_ECP5_MF\work\clarity\versa_ecp5\pcie_subsys\pcie_subsys.v (2022-02-27 15:24:38, 2022-02-27 18:53:59) <-- (may instantiate this module)
                        C:\project\PCIe_ECP5_MF\work\clarity\versa_ecp5\pcie_subsys\pcie_x1_top\pcie_x1_top.v (2022-02-27 15:22:49, 2022-02-27 18:53:59) <-- (module definition)
24       work.pcie_x1_top_core.verilog may have changed because the following files changed:
                        C:\project\PCIe_ECP5_MF\soc\top\core_mf8c\vhdl\core_mf8c-a_rtl.vhd (2022-02-27 12:29:24, 2022-02-27 18:53:58) <-- (may instantiate this module)
                        C:\project\PCIe_ECP5_MF\soc\top\core_mf8c\vhdl\core_mf8c-e.vhd (2022-02-27 12:29:24, 2022-02-27 18:53:58) <-- (may instantiate this module)
                        C:\project\PCIe_ECP5_MF\soc\top\versa_ecp5\vhdl\versa_ecp5-a_rtl.vhd (2022-02-27 12:29:24, 2022-02-27 18:53:58) <-- (may instantiate this module)
                        C:\project\PCIe_ECP5_MF\soc\top\versa_ecp5\vhdl\versa_ecp5-e.vhd (2022-02-27 12:29:24, 2022-02-27 18:53:58) <-- (may instantiate this module)
                        C:\project\PCIe_ECP5_MF\work\clarity\versa_ecp5\pcie_subsys\pcie_mfx1_top\pcie_mfx1_top_combo.vhd (2022-02-27 15:20:20, 2022-02-27 18:53:58) <-- (may instantiate this module)
                        C:\project\PCIe_ECP5_MF\work\clarity\versa_ecp5\pcie_subsys\pcie_subsys.v (2022-02-27 15:24:38, 2022-02-27 18:53:59) <-- (may instantiate this module)
                        C:\project\PCIe_ECP5_MF\work\clarity\versa_ecp5\pcie_subsys\pcie_x1_top\pcie_x1_top.v (2022-02-27 15:22:49, 2022-02-27 18:53:59) <-- (may instantiate this module)
                        C:\project\PCIe_ECP5_MF\work\clarity\versa_ecp5\pcie_subsys\pcie_x1_top\pcie_x1_top_core_bb.v (2022-02-27 15:22:50, 2022-02-27 18:53:59) <-- (module definition)
25       work.pcie_x1_top_ctc.verilog may have changed because the following files changed:
                        C:\project\PCIe_ECP5_MF\soc\top\core_mf8c\vhdl\core_mf8c-a_rtl.vhd (2022-02-27 12:29:24, 2022-02-27 18:53:58) <-- (may instantiate this module)
                        C:\project\PCIe_ECP5_MF\soc\top\core_mf8c\vhdl\core_mf8c-e.vhd (2022-02-27 12:29:24, 2022-02-27 18:53:58) <-- (may instantiate this module)
                        C:\project\PCIe_ECP5_MF\soc\top\versa_ecp5\vhdl\versa_ecp5-a_rtl.vhd (2022-02-27 12:29:24, 2022-02-27 18:53:58) <-- (may instantiate this module)
                        C:\project\PCIe_ECP5_MF\soc\top\versa_ecp5\vhdl\versa_ecp5-e.vhd (2022-02-27 12:29:24, 2022-02-27 18:53:58) <-- (may instantiate this module)
                        C:\project\PCIe_ECP5_MF\work\clarity\versa_ecp5\pcie_subsys\pcie_mfx1_top\pcie_mfx1_top_combo.vhd (2022-02-27 15:20:20, 2022-02-27 18:53:58) <-- (may instantiate this module)
                        C:\project\PCIe_ECP5_MF\work\clarity\versa_ecp5\pcie_subsys\pcie_subsys.v (2022-02-27 15:24:38, 2022-02-27 18:53:59) <-- (may instantiate this module)
                        C:\project\PCIe_ECP5_MF\work\clarity\versa_ecp5\pcie_subsys\pcie_x1_top\pcie_eval\models\ecp5um\pcie_x1_top_ctc.v (2022-02-27 15:22:49, 2022-02-27 18:53:59) <-- (module definition)
                        C:\project\PCIe_ECP5_MF\work\clarity\versa_ecp5\pcie_subsys\pcie_x1_top\pcie_eval\models\ecp5um\pcie_x1_top_phy.v (2022-02-27 15:22:49, 2022-02-27 18:53:59) <-- (may instantiate this module)
                        C:\project\PCIe_ECP5_MF\work\clarity\versa_ecp5\pcie_subsys\pcie_x1_top\pcie_eval\models\ecp5um\pcie_x1_top_pipe.v (2022-02-27 15:22:49, 2022-02-27 18:53:59) <-- (may instantiate this module)
                        C:\project\PCIe_ECP5_MF\work\clarity\versa_ecp5\pcie_subsys\pcie_x1_top\pcie_x1_top.v (2022-02-27 15:22:49, 2022-02-27 18:53:59) <-- (may instantiate this module)
26       work.pcie_x1_top_pcs.verilog may have changed because the following files changed:
                        C:\project\PCIe_ECP5_MF\soc\top\core_mf8c\vhdl\core_mf8c-a_rtl.vhd (2022-02-27 12:29:24, 2022-02-27 18:53:58) <-- (may instantiate this module)
                        C:\project\PCIe_ECP5_MF\soc\top\core_mf8c\vhdl\core_mf8c-e.vhd (2022-02-27 12:29:24, 2022-02-27 18:53:58) <-- (may instantiate this module)
                        C:\project\PCIe_ECP5_MF\soc\top\versa_ecp5\vhdl\versa_ecp5-a_rtl.vhd (2022-02-27 12:29:24, 2022-02-27 18:53:58) <-- (may instantiate this module)
                        C:\project\PCIe_ECP5_MF\soc\top\versa_ecp5\vhdl\versa_ecp5-e.vhd (2022-02-27 12:29:24, 2022-02-27 18:53:58) <-- (may instantiate this module)
                        C:\project\PCIe_ECP5_MF\work\clarity\versa_ecp5\pcie_subsys\pcie_mfx1_top\pcie_mfx1_top_combo.vhd (2022-02-27 15:20:20, 2022-02-27 18:53:58) <-- (may instantiate this module)
                        C:\project\PCIe_ECP5_MF\work\clarity\versa_ecp5\pcie_subsys\pcie_subsys.v (2022-02-27 15:24:38, 2022-02-27 18:53:59) <-- (may instantiate this module)
                        C:\project\PCIe_ECP5_MF\work\clarity\versa_ecp5\pcie_subsys\pcie_x1_top\pcie_eval\models\ecp5um\pcie_x1_top_pcs.v (2022-02-27 12:29:25, 2022-02-27 18:53:59) <-- (module definition)
                        C:\project\PCIe_ECP5_MF\work\clarity\versa_ecp5\pcie_subsys\pcie_x1_top\pcie_eval\models\ecp5um\pcie_x1_top_phy.v (2022-02-27 15:22:49, 2022-02-27 18:53:59) <-- (may instantiate this module)
                        C:\project\PCIe_ECP5_MF\work\clarity\versa_ecp5\pcie_subsys\pcie_x1_top\pcie_x1_top.v (2022-02-27 15:22:49, 2022-02-27 18:53:59) <-- (may instantiate this module)
27       work.pcie_x1_top_pcsrsl_core.verilog may have changed because the following files changed:
                        C:\project\PCIe_ECP5_MF\soc\top\core_mf8c\vhdl\core_mf8c-a_rtl.vhd (2022-02-27 12:29:24, 2022-02-27 18:53:58) <-- (may instantiate this module)
                        C:\project\PCIe_ECP5_MF\soc\top\core_mf8c\vhdl\core_mf8c-e.vhd (2022-02-27 12:29:24, 2022-02-27 18:53:58) <-- (may instantiate this module)
                        C:\project\PCIe_ECP5_MF\soc\top\versa_ecp5\vhdl\versa_ecp5-a_rtl.vhd (2022-02-27 12:29:24, 2022-02-27 18:53:58) <-- (may instantiate this module)
                        C:\project\PCIe_ECP5_MF\soc\top\versa_ecp5\vhdl\versa_ecp5-e.vhd (2022-02-27 12:29:24, 2022-02-27 18:53:58) <-- (may instantiate this module)
                        C:\project\PCIe_ECP5_MF\work\clarity\versa_ecp5\pcie_subsys\pcie_mfx1_top\pcie_mfx1_top_combo.vhd (2022-02-27 15:20:20, 2022-02-27 18:53:58) <-- (may instantiate this module)
                        C:\project\PCIe_ECP5_MF\work\clarity\versa_ecp5\pcie_subsys\pcie_subsys.v (2022-02-27 15:24:38, 2022-02-27 18:53:59) <-- (may instantiate this module)
                        C:\project\PCIe_ECP5_MF\work\clarity\versa_ecp5\pcie_subsys\pcie_x1_top\pcie_eval\models\ecp5um\pcie_x1_top_pcs.v (2022-02-27 12:29:25, 2022-02-27 18:53:59) <-- (may instantiate this module)
                        C:\project\PCIe_ECP5_MF\work\clarity\versa_ecp5\pcie_subsys\pcie_x1_top\pcie_eval\models\ecp5um\pcie_x1_top_pcs_softlogic.v (2022-02-27 15:22:49, 2022-02-27 18:53:59) <-- (module definition)
                        C:\project\PCIe_ECP5_MF\work\clarity\versa_ecp5\pcie_subsys\pcie_x1_top\pcie_eval\models\ecp5um\pcie_x1_top_phy.v (2022-02-27 15:22:49, 2022-02-27 18:53:59) <-- (may instantiate this module)
                        C:\project\PCIe_ECP5_MF\work\clarity\versa_ecp5\pcie_subsys\pcie_x1_top\pcie_x1_top.v (2022-02-27 15:22:49, 2022-02-27 18:53:59) <-- (may instantiate this module)
28       work.pcie_x1_top_pcssll_core.verilog may have changed because the following files changed:
                        C:\project\PCIe_ECP5_MF\soc\top\core_mf8c\vhdl\core_mf8c-a_rtl.vhd (2022-02-27 12:29:24, 2022-02-27 18:53:58) <-- (may instantiate this module)
                        C:\project\PCIe_ECP5_MF\soc\top\core_mf8c\vhdl\core_mf8c-e.vhd (2022-02-27 12:29:24, 2022-02-27 18:53:58) <-- (may instantiate this module)
                        C:\project\PCIe_ECP5_MF\soc\top\versa_ecp5\vhdl\versa_ecp5-a_rtl.vhd (2022-02-27 12:29:24, 2022-02-27 18:53:58) <-- (may instantiate this module)
                        C:\project\PCIe_ECP5_MF\soc\top\versa_ecp5\vhdl\versa_ecp5-e.vhd (2022-02-27 12:29:24, 2022-02-27 18:53:58) <-- (may instantiate this module)
                        C:\project\PCIe_ECP5_MF\work\clarity\versa_ecp5\pcie_subsys\pcie_mfx1_top\pcie_mfx1_top_combo.vhd (2022-02-27 15:20:20, 2022-02-27 18:53:58) <-- (may instantiate this module)
                        C:\project\PCIe_ECP5_MF\work\clarity\versa_ecp5\pcie_subsys\pcie_subsys.v (2022-02-27 15:24:38, 2022-02-27 18:53:59) <-- (may instantiate this module)
                        C:\project\PCIe_ECP5_MF\work\clarity\versa_ecp5\pcie_subsys\pcie_x1_top\pcie_eval\models\ecp5um\pcie_x1_top_pcs.v (2022-02-27 12:29:25, 2022-02-27 18:53:59) <-- (may instantiate this module)
                        C:\project\PCIe_ECP5_MF\work\clarity\versa_ecp5\pcie_subsys\pcie_x1_top\pcie_eval\models\ecp5um\pcie_x1_top_pcs_softlogic.v (2022-02-27 15:22:49, 2022-02-27 18:53:59) <-- (module definition)
                        C:\project\PCIe_ECP5_MF\work\clarity\versa_ecp5\pcie_subsys\pcie_x1_top\pcie_eval\models\ecp5um\pcie_x1_top_phy.v (2022-02-27 15:22:49, 2022-02-27 18:53:59) <-- (may instantiate this module)
                        C:\project\PCIe_ECP5_MF\work\clarity\versa_ecp5\pcie_subsys\pcie_x1_top\pcie_x1_top.v (2022-02-27 15:22:49, 2022-02-27 18:53:59) <-- (may instantiate this module)
29       work.pcie_x1_top_phy.verilog may have changed because the following files changed:
                        C:\project\PCIe_ECP5_MF\soc\top\core_mf8c\vhdl\core_mf8c-a_rtl.vhd (2022-02-27 12:29:24, 2022-02-27 18:53:58) <-- (may instantiate this module)
                        C:\project\PCIe_ECP5_MF\soc\top\core_mf8c\vhdl\core_mf8c-e.vhd (2022-02-27 12:29:24, 2022-02-27 18:53:58) <-- (may instantiate this module)
                        C:\project\PCIe_ECP5_MF\soc\top\versa_ecp5\vhdl\versa_ecp5-a_rtl.vhd (2022-02-27 12:29:24, 2022-02-27 18:53:58) <-- (may instantiate this module)
                        C:\project\PCIe_ECP5_MF\soc\top\versa_ecp5\vhdl\versa_ecp5-e.vhd (2022-02-27 12:29:24, 2022-02-27 18:53:58) <-- (may instantiate this module)
                        C:\project\PCIe_ECP5_MF\work\clarity\versa_ecp5\pcie_subsys\pcie_mfx1_top\pcie_mfx1_top_combo.vhd (2022-02-27 15:20:20, 2022-02-27 18:53:58) <-- (may instantiate this module)
                        C:\project\PCIe_ECP5_MF\work\clarity\versa_ecp5\pcie_subsys\pcie_subsys.v (2022-02-27 15:24:38, 2022-02-27 18:53:59) <-- (may instantiate this module)
                        C:\project\PCIe_ECP5_MF\work\clarity\versa_ecp5\pcie_subsys\pcie_x1_top\pcie_eval\models\ecp5um\pcie_x1_top_phy.v (2022-02-27 15:22:49, 2022-02-27 18:53:59) <-- (module definition)
                        C:\project\PCIe_ECP5_MF\work\clarity\versa_ecp5\pcie_subsys\pcie_x1_top\pcie_x1_top.v (2022-02-27 15:22:49, 2022-02-27 18:53:59) <-- (may instantiate this module)
30       work.pcie_x1_top_pipe.verilog may have changed because the following files changed:
                        C:\project\PCIe_ECP5_MF\soc\top\core_mf8c\vhdl\core_mf8c-a_rtl.vhd (2022-02-27 12:29:24, 2022-02-27 18:53:58) <-- (may instantiate this module)
                        C:\project\PCIe_ECP5_MF\soc\top\core_mf8c\vhdl\core_mf8c-e.vhd (2022-02-27 12:29:24, 2022-02-27 18:53:58) <-- (may instantiate this module)
                        C:\project\PCIe_ECP5_MF\soc\top\versa_ecp5\vhdl\versa_ecp5-a_rtl.vhd (2022-02-27 12:29:24, 2022-02-27 18:53:58) <-- (may instantiate this module)
                        C:\project\PCIe_ECP5_MF\soc\top\versa_ecp5\vhdl\versa_ecp5-e.vhd (2022-02-27 12:29:24, 2022-02-27 18:53:58) <-- (may instantiate this module)
                        C:\project\PCIe_ECP5_MF\work\clarity\versa_ecp5\pcie_subsys\pcie_mfx1_top\pcie_mfx1_top_combo.vhd (2022-02-27 15:20:20, 2022-02-27 18:53:58) <-- (may instantiate this module)
                        C:\project\PCIe_ECP5_MF\work\clarity\versa_ecp5\pcie_subsys\pcie_subsys.v (2022-02-27 15:24:38, 2022-02-27 18:53:59) <-- (may instantiate this module)
                        C:\project\PCIe_ECP5_MF\work\clarity\versa_ecp5\pcie_subsys\pcie_x1_top\pcie_eval\models\ecp5um\pcie_x1_top_phy.v (2022-02-27 15:22:49, 2022-02-27 18:53:59) <-- (may instantiate this module)
                        C:\project\PCIe_ECP5_MF\work\clarity\versa_ecp5\pcie_subsys\pcie_x1_top\pcie_eval\models\ecp5um\pcie_x1_top_pipe.v (2022-02-27 15:22:49, 2022-02-27 18:53:59) <-- (module definition)
                        C:\project\PCIe_ECP5_MF\work\clarity\versa_ecp5\pcie_subsys\pcie_x1_top\pcie_x1_top.v (2022-02-27 15:22:49, 2022-02-27 18:53:59) <-- (may instantiate this module)
31       work.pcie_x1_top_sync1s.verilog may have changed because the following files changed:
                        C:\project\PCIe_ECP5_MF\soc\top\core_mf8c\vhdl\core_mf8c-a_rtl.vhd (2022-02-27 12:29:24, 2022-02-27 18:53:58) <-- (may instantiate this module)
                        C:\project\PCIe_ECP5_MF\soc\top\core_mf8c\vhdl\core_mf8c-e.vhd (2022-02-27 12:29:24, 2022-02-27 18:53:58) <-- (may instantiate this module)
                        C:\project\PCIe_ECP5_MF\soc\top\versa_ecp5\vhdl\versa_ecp5-a_rtl.vhd (2022-02-27 12:29:24, 2022-02-27 18:53:58) <-- (may instantiate this module)
                        C:\project\PCIe_ECP5_MF\soc\top\versa_ecp5\vhdl\versa_ecp5-e.vhd (2022-02-27 12:29:24, 2022-02-27 18:53:58) <-- (may instantiate this module)
                        C:\project\PCIe_ECP5_MF\work\clarity\versa_ecp5\pcie_subsys\pcie_mfx1_top\pcie_mfx1_top_combo.vhd (2022-02-27 15:20:20, 2022-02-27 18:53:58) <-- (may instantiate this module)
                        C:\project\PCIe_ECP5_MF\work\clarity\versa_ecp5\pcie_subsys\pcie_subsys.v (2022-02-27 15:24:38, 2022-02-27 18:53:59) <-- (may instantiate this module)
                        C:\project\PCIe_ECP5_MF\work\clarity\versa_ecp5\pcie_subsys\pcie_x1_top\pcie_eval\models\ecp5um\pcie_x1_top_ctc.v (2022-02-27 15:22:49, 2022-02-27 18:53:59) <-- (may instantiate this module)
                        C:\project\PCIe_ECP5_MF\work\clarity\versa_ecp5\pcie_subsys\pcie_x1_top\pcie_eval\models\ecp5um\pcie_x1_top_phy.v (2022-02-27 15:22:49, 2022-02-27 18:53:59) <-- (may instantiate this module)
                        C:\project\PCIe_ECP5_MF\work\clarity\versa_ecp5\pcie_subsys\pcie_x1_top\pcie_eval\models\ecp5um\pcie_x1_top_pipe.v (2022-02-27 15:22:49, 2022-02-27 18:53:59) <-- (may instantiate this module)
                        C:\project\PCIe_ECP5_MF\work\clarity\versa_ecp5\pcie_subsys\pcie_x1_top\pcie_eval\models\ecp5um\pcie_x1_top_sync1s.v (2022-02-27 15:22:49, 2022-02-27 18:53:59) <-- (module definition)
                        C:\project\PCIe_ECP5_MF\work\clarity\versa_ecp5\pcie_subsys\pcie_x1_top\pcie_x1_top.v (2022-02-27 15:22:49, 2022-02-27 18:53:59) <-- (may instantiate this module)
79       work.pll_xclk_base.verilog may have changed because the following files changed:
                        C:\project\PCIe_ECP5_MF\soc\top\core_mf8c\vhdl\core_mf8c-a_rtl.vhd (2022-02-27 12:29:24, 2022-02-27 18:53:58) <-- (may instantiate this module)
                        C:\project\PCIe_ECP5_MF\soc\top\core_mf8c\vhdl\core_mf8c-e.vhd (2022-02-27 12:29:24, 2022-02-27 18:53:58) <-- (may instantiate this module)
                        C:\project\PCIe_ECP5_MF\soc\top\versa_ecp5\vhdl\versa_ecp5-a_rtl.vhd (2022-02-27 12:29:24, 2022-02-27 18:53:58) <-- (may instantiate this module)
                        C:\project\PCIe_ECP5_MF\soc\top\versa_ecp5\vhdl\versa_ecp5-e.vhd (2022-02-27 12:29:24, 2022-02-27 18:53:58) <-- (may instantiate this module)
                        C:\project\PCIe_ECP5_MF\soc\units\clock_gen\vhdl\clock_gen-a_rtl.vhd (2022-02-27 12:29:24, 2022-02-27 18:53:58) <-- (may instantiate this module)
                        C:\project\PCIe_ECP5_MF\work\clarity\versa_ecp5\xclk_subsys\pll_xclk_base\pll_xclk_base.v (2022-02-27 15:51:06, 2022-02-27 18:53:59) <-- (module definition)
33       work.rx_16550s.rtl may have changed because the following files changed:
                        C:\project\PCIe_ECP5_MF\soc\top\core_mf8c\vhdl\core_mf8c-a_rtl.vhd (2022-02-27 12:29:24, 2022-02-27 18:53:58) <-- (may instantiate this module)
                        C:\project\PCIe_ECP5_MF\soc\top\core_mf8c\vhdl\core_mf8c-e.vhd (2022-02-27 12:29:24, 2022-02-27 18:53:58) <-- (may instantiate this module)
                        C:\project\PCIe_ECP5_MF\soc\top\versa_ecp5\vhdl\versa_ecp5-a_rtl.vhd (2022-02-27 12:29:24, 2022-02-27 18:53:58) <-- (may instantiate this module)
                        C:\project\PCIe_ECP5_MF\soc\top\versa_ecp5\vhdl\versa_ecp5-e.vhd (2022-02-27 12:29:24, 2022-02-27 18:53:58) <-- (may instantiate this module)
                        C:\project\PCIe_ECP5_MF\soc\units\uart_block\vhdl\uart_block-a_rtl.vhd (2022-02-27 12:29:24, 2022-02-27 18:53:58) <-- (may instantiate this module)
                        C:\project\PCIe_ECP5_MF\soc\units\uart_block\vhdl\uart_block-e.vhd (2022-02-27 12:29:24, 2022-02-27 18:53:58) <-- (may instantiate this module)
                        C:\project\PCIe_ECP5_MF\soc\units\wb_16550s\top\vhdl\wb_16550s-a_rtl.vhd (2022-02-27 12:29:24, 2022-02-27 18:53:58) <-- (may instantiate this module)
                        C:\project\PCIe_ECP5_MF\soc\units\wb_16550s\top\vhdl\wb_16550s-e.vhd (2022-02-27 12:29:24, 2022-02-27 18:53:58) <-- (may instantiate this module)
                        C:\project\PCIe_ECP5_MF\soc\units\wb_16550s\units\pcat_16550s\vhdl\pcat_16550s-a_rtl.vhd (2022-02-27 12:29:24, 2022-02-27 18:53:58) <-- (may instantiate this module)
                        C:\project\PCIe_ECP5_MF\soc\units\wb_16550s\units\pcat_16550s\vhdl\pcat_16550s-e.vhd (2022-02-27 12:29:24, 2022-02-27 18:53:58) <-- (may instantiate this module)
                        C:\project\PCIe_ECP5_MF\soc\units\wb_16550s\units\rx_16550s\vhdl\rx_16550s-a_rtl.vhd (2022-02-27 12:29:24, 2022-02-27 18:53:58) <-- (architecture definition)
35       work.rx_rsl.rx_rsl_arc may have changed because the following files changed:
                        C:\project\PCIe_ECP5_MF\soc\top\core_mf8c\vhdl\core_mf8c-a_rtl.vhd (2022-02-27 12:29:24, 2022-02-27 18:53:58) <-- (may instantiate this module)
                        C:\project\PCIe_ECP5_MF\soc\top\core_mf8c\vhdl\core_mf8c-e.vhd (2022-02-27 12:29:24, 2022-02-27 18:53:58) <-- (may instantiate this module)
                        C:\project\PCIe_ECP5_MF\soc\top\versa_ecp5\vhdl\versa_ecp5-a_rtl.vhd (2022-02-27 12:29:24, 2022-02-27 18:53:58) <-- (may instantiate this module)
                        C:\project\PCIe_ECP5_MF\soc\top\versa_ecp5\vhdl\versa_ecp5-e.vhd (2022-02-27 12:29:24, 2022-02-27 18:53:58) <-- (may instantiate this module)
                        C:\project\PCIe_ECP5_MF\soc\units\rx_rsl\vhdl\rx_rsl.vhd (2022-02-27 12:29:24, 2022-02-27 18:53:58) <-- (architecture and entity definition)
                        C:\project\PCIe_ECP5_MF\work\clarity\versa_ecp5\pcie_subsys\pcie_mfx1_top\pcie_mfx1_top_combo.vhd (2022-02-27 15:20:20, 2022-02-27 18:53:58) <-- (may instantiate this module)
                        C:\project\PCIe_ECP5_MF\work\clarity\versa_ecp5\pcie_subsys\pcie_subsys.v (2022-02-27 15:24:38, 2022-02-27 18:53:59) <-- (may instantiate this module)
                        C:\project\PCIe_ECP5_MF\work\clarity\versa_ecp5\pcie_subsys\pcie_x1_top\pcie_eval\models\ecp5um\pcie_x1_top_pcs.v (2022-02-27 12:29:25, 2022-02-27 18:53:59) <-- (may instantiate this module)
                        C:\project\PCIe_ECP5_MF\work\clarity\versa_ecp5\pcie_subsys\pcie_x1_top\pcie_eval\models\ecp5um\pcie_x1_top_phy.v (2022-02-27 15:22:49, 2022-02-27 18:53:59) <-- (may instantiate this module)
                        C:\project\PCIe_ECP5_MF\work\clarity\versa_ecp5\pcie_subsys\pcie_x1_top\pcie_x1_top.v (2022-02-27 15:22:49, 2022-02-27 18:53:59) <-- (may instantiate this module)
37       work.rx_ser_8250_core.rtl may have changed because the following files changed:
                        C:\project\PCIe_ECP5_MF\soc\top\core_mf8c\vhdl\core_mf8c-a_rtl.vhd (2022-02-27 12:29:24, 2022-02-27 18:53:58) <-- (may instantiate this module)
                        C:\project\PCIe_ECP5_MF\soc\top\core_mf8c\vhdl\core_mf8c-e.vhd (2022-02-27 12:29:24, 2022-02-27 18:53:58) <-- (may instantiate this module)
                        C:\project\PCIe_ECP5_MF\soc\top\versa_ecp5\vhdl\versa_ecp5-a_rtl.vhd (2022-02-27 12:29:24, 2022-02-27 18:53:58) <-- (may instantiate this module)
                        C:\project\PCIe_ECP5_MF\soc\top\versa_ecp5\vhdl\versa_ecp5-e.vhd (2022-02-27 12:29:24, 2022-02-27 18:53:58) <-- (may instantiate this module)
                        C:\project\PCIe_ECP5_MF\soc\units\uart_block\vhdl\uart_block-a_rtl.vhd (2022-02-27 12:29:24, 2022-02-27 18:53:58) <-- (may instantiate this module)
                        C:\project\PCIe_ECP5_MF\soc\units\uart_block\vhdl\uart_block-e.vhd (2022-02-27 12:29:24, 2022-02-27 18:53:58) <-- (may instantiate this module)
                        C:\project\PCIe_ECP5_MF\soc\units\wb_16550s\top\vhdl\wb_16550s-a_rtl.vhd (2022-02-27 12:29:24, 2022-02-27 18:53:58) <-- (may instantiate this module)
                        C:\project\PCIe_ECP5_MF\soc\units\wb_16550s\top\vhdl\wb_16550s-e.vhd (2022-02-27 12:29:24, 2022-02-27 18:53:58) <-- (may instantiate this module)
                        C:\project\PCIe_ECP5_MF\soc\units\wb_16550s\units\pcat_16550s\vhdl\pcat_16550s-a_rtl.vhd (2022-02-27 12:29:24, 2022-02-27 18:53:58) <-- (may instantiate this module)
                        C:\project\PCIe_ECP5_MF\soc\units\wb_16550s\units\pcat_16550s\vhdl\pcat_16550s-e.vhd (2022-02-27 12:29:24, 2022-02-27 18:53:58) <-- (may instantiate this module)
                        C:\project\PCIe_ECP5_MF\soc\units\wb_16550s\units\rx_16550s\vhdl\rx_16550s-a_rtl.vhd (2022-02-27 12:29:24, 2022-02-27 18:53:58) <-- (may instantiate this module)
                        C:\project\PCIe_ECP5_MF\soc\units\wb_16550s\units\rx_16550s\vhdl\rx_16550s-e.vhd (2022-02-27 12:29:24, 2022-02-27 18:53:58) <-- (may instantiate this module)
                        C:\project\PCIe_ECP5_MF\soc\units\wb_16550s\units\rx_ser_8250\vhdl\rx_ser_8250_core-a_rtl.vhd (2022-02-27 12:29:24, 2022-02-27 18:53:58) <-- (architecture definition)
39       work.tsls_wb_bmram.rtl may have changed because the following files changed:
                        C:\project\PCIe_ECP5_MF\soc\top\core_mf8c\vhdl\core_mf8c-a_rtl.vhd (2022-02-27 12:29:24, 2022-02-27 18:53:58) <-- (may instantiate this module)
                        C:\project\PCIe_ECP5_MF\soc\top\core_mf8c\vhdl\core_mf8c-e.vhd (2022-02-27 12:29:24, 2022-02-27 18:53:58) <-- (may instantiate this module)
                        C:\project\PCIe_ECP5_MF\soc\top\versa_ecp5\vhdl\versa_ecp5-a_rtl.vhd (2022-02-27 12:29:24, 2022-02-27 18:53:58) <-- (may instantiate this module)
                        C:\project\PCIe_ECP5_MF\soc\top\versa_ecp5\vhdl\versa_ecp5-e.vhd (2022-02-27 12:29:24, 2022-02-27 18:53:58) <-- (may instantiate this module)
                        C:\project\PCIe_ECP5_MF\soc\units\dma_subsys\top\vhdl\dma_subsys-a_rtl.vhd (2022-02-27 12:29:24, 2022-02-27 18:53:58) <-- (may instantiate this module)
                        C:\project\PCIe_ECP5_MF\soc\units\dma_subsys\top\vhdl\dma_subsys-e.vhd (2022-02-27 12:29:24, 2022-02-27 18:53:58) <-- (may instantiate this module)
                        C:\project\PCIe_ECP5_MF\soc\units\tsls_wb_bmram\top\vhdl\tsls_wb_bmram-a_rtl.vhd (2022-02-27 12:29:24, 2022-02-27 18:53:58) <-- (architecture definition)
41       work.tspc_cdc_ack.rtl may have changed because the following files changed:
                        C:\project\PCIe_ECP5_MF\soc\common\units\tspc_cdc_ack\vhdl\tspc_cdc_ack-a_rtl.vhd (2022-02-27 12:29:25, 2022-02-27 18:53:58) <-- (architecture definition)
                        C:\project\PCIe_ECP5_MF\soc\top\core_mf8c\vhdl\core_mf8c-a_rtl.vhd (2022-02-27 12:29:24, 2022-02-27 18:53:58) <-- (may instantiate this module)
                        C:\project\PCIe_ECP5_MF\soc\top\core_mf8c\vhdl\core_mf8c-e.vhd (2022-02-27 12:29:24, 2022-02-27 18:53:58) <-- (may instantiate this module)
                        C:\project\PCIe_ECP5_MF\soc\top\versa_ecp5\vhdl\versa_ecp5-a_rtl.vhd (2022-02-27 12:29:24, 2022-02-27 18:53:58) <-- (may instantiate this module)
                        C:\project\PCIe_ECP5_MF\soc\top\versa_ecp5\vhdl\versa_ecp5-e.vhd (2022-02-27 12:29:24, 2022-02-27 18:53:58) <-- (may instantiate this module)
                        C:\project\PCIe_ECP5_MF\soc\units\uart_block\vhdl\uart_block-a_rtl.vhd (2022-02-27 12:29:24, 2022-02-27 18:53:58) <-- (may instantiate this module)
                        C:\project\PCIe_ECP5_MF\soc\units\uart_block\vhdl\uart_block-e.vhd (2022-02-27 12:29:24, 2022-02-27 18:53:58) <-- (may instantiate this module)
                        C:\project\PCIe_ECP5_MF\soc\units\wb_16550s\top\vhdl\wb_16550s-a_rtl.vhd (2022-02-27 12:29:24, 2022-02-27 18:53:58) <-- (may instantiate this module)
                        C:\project\PCIe_ECP5_MF\soc\units\wb_16550s\top\vhdl\wb_16550s-e.vhd (2022-02-27 12:29:24, 2022-02-27 18:53:58) <-- (may instantiate this module)
                        C:\project\PCIe_ECP5_MF\soc\units\wb_16550s\units\modem_regs_16550s\vhdl\modem_regs_16550s-a_rtl.vhd (2022-02-27 12:29:24, 2022-02-27 18:53:58) <-- (may instantiate this module)
                        C:\project\PCIe_ECP5_MF\soc\units\wb_16550s\units\modem_regs_16550s\vhdl\modem_regs_16550s-e.vhd (2022-02-27 12:29:24, 2022-02-27 18:53:58) <-- (may instantiate this module)
                        C:\project\PCIe_ECP5_MF\soc\units\wb_16550s\units\pcat_16550s\vhdl\pcat_16550s-a_rtl.vhd (2022-02-27 12:29:24, 2022-02-27 18:53:58) <-- (may instantiate this module)
                        C:\project\PCIe_ECP5_MF\soc\units\wb_16550s\units\pcat_16550s\vhdl\pcat_16550s-e.vhd (2022-02-27 12:29:24, 2022-02-27 18:53:58) <-- (may instantiate this module)
                        C:\project\PCIe_ECP5_MF\soc\units\wb_16550s\units\rx_16550s\vhdl\rx_16550s-a_rtl.vhd (2022-02-27 12:29:24, 2022-02-27 18:53:58) <-- (may instantiate this module)
                        C:\project\PCIe_ECP5_MF\soc\units\wb_16550s\units\rx_16550s\vhdl\rx_16550s-e.vhd (2022-02-27 12:29:24, 2022-02-27 18:53:58) <-- (may instantiate this module)
43       work.tspc_cdc_reg.rtl may have changed because the following files changed:
                        C:\project\PCIe_ECP5_MF\soc\common\units\tspc_cdc_reg\vhdl\tspc_cdc_reg-a_rtl.vhd (2022-02-27 12:29:25, 2022-02-27 18:53:58) <-- (architecture definition)
                        C:\project\PCIe_ECP5_MF\soc\top\core_mf8c\vhdl\core_mf8c-a_rtl.vhd (2022-02-27 12:29:24, 2022-02-27 18:53:58) <-- (may instantiate this module)
                        C:\project\PCIe_ECP5_MF\soc\top\core_mf8c\vhdl\core_mf8c-e.vhd (2022-02-27 12:29:24, 2022-02-27 18:53:58) <-- (may instantiate this module)
                        C:\project\PCIe_ECP5_MF\soc\top\versa_ecp5\vhdl\versa_ecp5-a_rtl.vhd (2022-02-27 12:29:24, 2022-02-27 18:53:58) <-- (may instantiate this module)
                        C:\project\PCIe_ECP5_MF\soc\top\versa_ecp5\vhdl\versa_ecp5-e.vhd (2022-02-27 12:29:24, 2022-02-27 18:53:58) <-- (may instantiate this module)
                        C:\project\PCIe_ECP5_MF\soc\units\tspc_wb_cfi_jxb3\top\vhdl\tspc_wb_cfi_jxb3-a_rtl.vhd (2022-02-27 12:29:24, 2022-02-27 18:53:58) <-- (may instantiate this module)
                        C:\project\PCIe_ECP5_MF\soc\units\tspc_wb_cfi_jxb3\top\vhdl\tspc_wb_cfi_jxb3-e.vhd (2022-02-27 12:29:24, 2022-02-27 18:53:58) <-- (may instantiate this module)
                        C:\project\PCIe_ECP5_MF\soc\units\uart_block\vhdl\uart_block-a_rtl.vhd (2022-02-27 12:29:24, 2022-02-27 18:53:58) <-- (may instantiate this module)
                        C:\project\PCIe_ECP5_MF\soc\units\uart_block\vhdl\uart_block-e.vhd (2022-02-27 12:29:24, 2022-02-27 18:53:58) <-- (may instantiate this module)
                        C:\project\PCIe_ECP5_MF\soc\units\wb_16550s\top\vhdl\wb_16550s-a_rtl.vhd (2022-02-27 12:29:24, 2022-02-27 18:53:58) <-- (may instantiate this module)
                        C:\project\PCIe_ECP5_MF\soc\units\wb_16550s\top\vhdl\wb_16550s-e.vhd (2022-02-27 12:29:24, 2022-02-27 18:53:58) <-- (may instantiate this module)
                        C:\project\PCIe_ECP5_MF\soc\units\wb_16550s\units\pcat_16550s\vhdl\pcat_16550s-a_rtl.vhd (2022-02-27 12:29:24, 2022-02-27 18:53:58) <-- (may instantiate this module)
                        C:\project\PCIe_ECP5_MF\soc\units\wb_16550s\units\pcat_16550s\vhdl\pcat_16550s-e.vhd (2022-02-27 12:29:24, 2022-02-27 18:53:58) <-- (may instantiate this module)
                        C:\project\PCIe_ECP5_MF\soc\units\wb_16550s\units\rx_16550s\vhdl\rx_16550s-a_rtl.vhd (2022-02-27 12:29:24, 2022-02-27 18:53:58) <-- (may instantiate this module)
                        C:\project\PCIe_ECP5_MF\soc\units\wb_16550s\units\rx_16550s\vhdl\rx_16550s-e.vhd (2022-02-27 12:29:24, 2022-02-27 18:53:58) <-- (may instantiate this module)
                        C:\project\PCIe_ECP5_MF\soc\units\wb_16550s\units\tx_16550s\vhdl\tx_16550s-a_rtl.vhd (2022-02-27 12:29:25, 2022-02-27 18:53:58) <-- (may instantiate this module)
    (1 more file changes not listed)
45       work.tspc_cdc_vec.rtl may have changed because the following files changed:
                        C:\project\PCIe_ECP5_MF\soc\common\units\tspc_cdc_vec\vhdl\tspc_cdc_vec-a_rtl.vhd (2022-02-27 12:29:25, 2022-02-27 18:53:58) <-- (architecture definition)
                        C:\project\PCIe_ECP5_MF\soc\top\core_mf8c\vhdl\core_mf8c-a_rtl.vhd (2022-02-27 12:29:24, 2022-02-27 18:53:58) <-- (may instantiate this module)
                        C:\project\PCIe_ECP5_MF\soc\top\core_mf8c\vhdl\core_mf8c-e.vhd (2022-02-27 12:29:24, 2022-02-27 18:53:58) <-- (may instantiate this module)
                        C:\project\PCIe_ECP5_MF\soc\top\versa_ecp5\vhdl\versa_ecp5-a_rtl.vhd (2022-02-27 12:29:24, 2022-02-27 18:53:58) <-- (may instantiate this module)
                        C:\project\PCIe_ECP5_MF\soc\top\versa_ecp5\vhdl\versa_ecp5-e.vhd (2022-02-27 12:29:24, 2022-02-27 18:53:58) <-- (may instantiate this module)
                        C:\project\PCIe_ECP5_MF\soc\units\tspc_wb_cfi_jxb3\top\vhdl\tspc_wb_cfi_jxb3-a_rtl.vhd (2022-02-27 12:29:24, 2022-02-27 18:53:58) <-- (may instantiate this module)
                        C:\project\PCIe_ECP5_MF\soc\units\tspc_wb_cfi_jxb3\top\vhdl\tspc_wb_cfi_jxb3-e.vhd (2022-02-27 12:29:24, 2022-02-27 18:53:58) <-- (may instantiate this module)
47       work.tspc_cfi_spim_pw2n.rtl may have changed because the following files changed:
                        C:\project\PCIe_ECP5_MF\soc\top\core_mf8c\vhdl\core_mf8c-a_rtl.vhd (2022-02-27 12:29:24, 2022-02-27 18:53:58) <-- (may instantiate this module)
                        C:\project\PCIe_ECP5_MF\soc\top\core_mf8c\vhdl\core_mf8c-e.vhd (2022-02-27 12:29:24, 2022-02-27 18:53:58) <-- (may instantiate this module)
                        C:\project\PCIe_ECP5_MF\soc\top\versa_ecp5\vhdl\versa_ecp5-a_rtl.vhd (2022-02-27 12:29:24, 2022-02-27 18:53:58) <-- (may instantiate this module)
                        C:\project\PCIe_ECP5_MF\soc\top\versa_ecp5\vhdl\versa_ecp5-e.vhd (2022-02-27 12:29:24, 2022-02-27 18:53:58) <-- (may instantiate this module)
                        C:\project\PCIe_ECP5_MF\soc\units\tspc_wb_cfi_jxb3\top\vhdl\tspc_wb_cfi_jxb3-a_rtl.vhd (2022-02-27 12:29:24, 2022-02-27 18:53:58) <-- (may instantiate this module)
                        C:\project\PCIe_ECP5_MF\soc\units\tspc_wb_cfi_jxb3\top\vhdl\tspc_wb_cfi_jxb3-e.vhd (2022-02-27 12:29:24, 2022-02-27 18:53:58) <-- (may instantiate this module)
                        C:\project\PCIe_ECP5_MF\soc\units\tspc_wb_cfi_jxb3\units\tspc_cfi_spim_pw2n\vhdl\tspc_cfi_spim_pw2n-a_rtl.vhd (2022-02-27 12:29:24, 2022-02-27 18:53:58) <-- (architecture definition)
49       work.tspc_dma_chan_ms.rtl may have changed because the following files changed:
                        C:\project\PCIe_ECP5_MF\soc\top\core_mf8c\vhdl\core_mf8c-a_rtl.vhd (2022-02-27 12:29:24, 2022-02-27 18:53:58) <-- (may instantiate this module)
                        C:\project\PCIe_ECP5_MF\soc\top\core_mf8c\vhdl\core_mf8c-e.vhd (2022-02-27 12:29:24, 2022-02-27 18:53:58) <-- (may instantiate this module)
                        C:\project\PCIe_ECP5_MF\soc\top\versa_ecp5\vhdl\versa_ecp5-a_rtl.vhd (2022-02-27 12:29:24, 2022-02-27 18:53:58) <-- (may instantiate this module)
                        C:\project\PCIe_ECP5_MF\soc\top\versa_ecp5\vhdl\versa_ecp5-e.vhd (2022-02-27 12:29:24, 2022-02-27 18:53:58) <-- (may instantiate this module)
                        C:\project\PCIe_ECP5_MF\soc\units\dma_subsys\top\vhdl\dma_subsys-a_rtl.vhd (2022-02-27 12:29:24, 2022-02-27 18:53:58) <-- (may instantiate this module)
                        C:\project\PCIe_ECP5_MF\soc\units\dma_subsys\top\vhdl\dma_subsys-e.vhd (2022-02-27 12:29:24, 2022-02-27 18:53:58) <-- (may instantiate this module)
                        C:\project\PCIe_ECP5_MF\soc\units\dma_subsys\units\tspc_dma_chan_ms\top\vhdl\tspc_dma_chan_ms-a_rtl.vhd (2022-02-27 12:29:24, 2022-02-27 18:53:58) <-- (architecture definition)
51       work.tspc_dma_chan_ms_ctl.rtl may have changed because the following files changed:
                        C:\project\PCIe_ECP5_MF\soc\top\core_mf8c\vhdl\core_mf8c-a_rtl.vhd (2022-02-27 12:29:24, 2022-02-27 18:53:58) <-- (may instantiate this module)
                        C:\project\PCIe_ECP5_MF\soc\top\core_mf8c\vhdl\core_mf8c-e.vhd (2022-02-27 12:29:24, 2022-02-27 18:53:58) <-- (may instantiate this module)
                        C:\project\PCIe_ECP5_MF\soc\top\versa_ecp5\vhdl\versa_ecp5-a_rtl.vhd (2022-02-27 12:29:24, 2022-02-27 18:53:58) <-- (may instantiate this module)
                        C:\project\PCIe_ECP5_MF\soc\top\versa_ecp5\vhdl\versa_ecp5-e.vhd (2022-02-27 12:29:24, 2022-02-27 18:53:58) <-- (may instantiate this module)
                        C:\project\PCIe_ECP5_MF\soc\units\dma_subsys\top\vhdl\dma_subsys-a_rtl.vhd (2022-02-27 12:29:24, 2022-02-27 18:53:58) <-- (may instantiate this module)
                        C:\project\PCIe_ECP5_MF\soc\units\dma_subsys\top\vhdl\dma_subsys-e.vhd (2022-02-27 12:29:24, 2022-02-27 18:53:58) <-- (may instantiate this module)
                        C:\project\PCIe_ECP5_MF\soc\units\dma_subsys\units\tspc_dma_chan_ms\top\vhdl\tspc_dma_chan_ms-a_rtl.vhd (2022-02-27 12:29:24, 2022-02-27 18:53:58) <-- (may instantiate this module)
                        C:\project\PCIe_ECP5_MF\soc\units\dma_subsys\units\tspc_dma_chan_ms\top\vhdl\tspc_dma_chan_ms-e.vhd (2022-02-27 12:29:24, 2022-02-27 18:53:58) <-- (may instantiate this module)
                        C:\project\PCIe_ECP5_MF\soc\units\dma_subsys\units\tspc_dma_chan_ms\units\vhdl\tspc_dma_chan_ms_ctl-a_rtl.vhd (2022-02-27 12:29:24, 2022-02-27 18:53:58) <-- (architecture definition)
53       work.tspc_event_latch.rtl may have changed because the following files changed:
                        C:\project\PCIe_ECP5_MF\soc\common\units\tspc_event_latch\vhdl\tspc_event_latch-a_rtl.vhd (2022-02-27 12:29:25, 2022-02-27 18:53:58) <-- (architecture definition)
                        C:\project\PCIe_ECP5_MF\soc\top\core_mf8c\vhdl\core_mf8c-a_rtl.vhd (2022-02-27 12:29:24, 2022-02-27 18:53:58) <-- (may instantiate this module)
                        C:\project\PCIe_ECP5_MF\soc\top\core_mf8c\vhdl\core_mf8c-e.vhd (2022-02-27 12:29:24, 2022-02-27 18:53:58) <-- (may instantiate this module)
                        C:\project\PCIe_ECP5_MF\soc\top\versa_ecp5\vhdl\versa_ecp5-a_rtl.vhd (2022-02-27 12:29:24, 2022-02-27 18:53:58) <-- (may instantiate this module)
                        C:\project\PCIe_ECP5_MF\soc\top\versa_ecp5\vhdl\versa_ecp5-e.vhd (2022-02-27 12:29:24, 2022-02-27 18:53:58) <-- (may instantiate this module)
                        C:\project\PCIe_ECP5_MF\soc\units\uart_block\vhdl\uart_block-a_rtl.vhd (2022-02-27 12:29:24, 2022-02-27 18:53:58) <-- (may instantiate this module)
                        C:\project\PCIe_ECP5_MF\soc\units\uart_block\vhdl\uart_block-e.vhd (2022-02-27 12:29:24, 2022-02-27 18:53:58) <-- (may instantiate this module)
                        C:\project\PCIe_ECP5_MF\soc\units\wb_16550s\top\vhdl\wb_16550s-a_rtl.vhd (2022-02-27 12:29:24, 2022-02-27 18:53:58) <-- (may instantiate this module)
                        C:\project\PCIe_ECP5_MF\soc\units\wb_16550s\top\vhdl\wb_16550s-e.vhd (2022-02-27 12:29:24, 2022-02-27 18:53:58) <-- (may instantiate this module)
                        C:\project\PCIe_ECP5_MF\soc\units\wb_16550s\units\pcat_16550s\vhdl\pcat_16550s-a_rtl.vhd (2022-02-27 12:29:24, 2022-02-27 18:53:58) <-- (may instantiate this module)
                        C:\project\PCIe_ECP5_MF\soc\units\wb_16550s\units\pcat_16550s\vhdl\pcat_16550s-e.vhd (2022-02-27 12:29:24, 2022-02-27 18:53:58) <-- (may instantiate this module)
                        C:\project\PCIe_ECP5_MF\soc\units\wb_16550s\units\tx_16550s\vhdl\tx_16550s-a_rtl.vhd (2022-02-27 12:29:25, 2022-02-27 18:53:58) <-- (may instantiate this module)
                        C:\project\PCIe_ECP5_MF\soc\units\wb_16550s\units\tx_16550s\vhdl\tx_16550s-e.vhd (2022-02-27 12:29:25, 2022-02-27 18:53:58) <-- (may instantiate this module)
55       work.tspc_fifo_ctl_sync.rtl may have changed because the following files changed:
                        C:\project\PCIe_ECP5_MF\soc\common\units\tspc_fifo_ctl_sync\vhdl\tspc_fifo_ctl_sync-a_rtl.vhd (2022-02-27 12:29:25, 2022-02-27 18:53:58) <-- (architecture definition)
                        C:\project\PCIe_ECP5_MF\soc\common\units\tspc_fifo_sync\top\vhdl\tspc_fifo_sync-a_rtl.vhd (2022-02-27 12:29:25, 2022-02-27 18:53:58) <-- (may instantiate this module)
                        C:\project\PCIe_ECP5_MF\soc\common\units\tspc_fifo_sync\top\vhdl\tspc_fifo_sync-e.vhd (2022-02-27 12:29:25, 2022-02-27 18:53:58) <-- (may instantiate this module)
                        C:\project\PCIe_ECP5_MF\soc\top\core_mf8c\vhdl\core_mf8c-a_rtl.vhd (2022-02-27 12:29:24, 2022-02-27 18:53:58) <-- (may instantiate this module)
                        C:\project\PCIe_ECP5_MF\soc\top\core_mf8c\vhdl\core_mf8c-e.vhd (2022-02-27 12:29:24, 2022-02-27 18:53:58) <-- (may instantiate this module)
                        C:\project\PCIe_ECP5_MF\soc\top\versa_ecp5\vhdl\versa_ecp5-a_rtl.vhd (2022-02-27 12:29:24, 2022-02-27 18:53:58) <-- (may instantiate this module)
                        C:\project\PCIe_ECP5_MF\soc\top\versa_ecp5\vhdl\versa_ecp5-e.vhd (2022-02-27 12:29:24, 2022-02-27 18:53:58) <-- (may instantiate this module)
                        C:\project\PCIe_ECP5_MF\soc\units\dma_subsys\top\vhdl\dma_subsys-a_rtl.vhd (2022-02-27 12:29:24, 2022-02-27 18:53:58) <-- (may instantiate this module)
                        C:\project\PCIe_ECP5_MF\soc\units\dma_subsys\top\vhdl\dma_subsys-e.vhd (2022-02-27 12:29:24, 2022-02-27 18:53:58) <-- (may instantiate this module)
                        C:\project\PCIe_ECP5_MF\soc\units\dma_subsys\units\tspc_dma_chan_ms\top\vhdl\tspc_dma_chan_ms-a_rtl.vhd (2022-02-27 12:29:24, 2022-02-27 18:53:58) <-- (may instantiate this module)
                        C:\project\PCIe_ECP5_MF\soc\units\dma_subsys\units\tspc_dma_chan_ms\top\vhdl\tspc_dma_chan_ms-e.vhd (2022-02-27 12:29:24, 2022-02-27 18:53:58) <-- (may instantiate this module)
                        C:\project\PCIe_ECP5_MF\soc\units\tspc_wb_cfi_jxb3\top\vhdl\tspc_wb_cfi_jxb3-a_rtl.vhd (2022-02-27 12:29:24, 2022-02-27 18:53:58) <-- (may instantiate this module)
                        C:\project\PCIe_ECP5_MF\soc\units\tspc_wb_cfi_jxb3\top\vhdl\tspc_wb_cfi_jxb3-e.vhd (2022-02-27 12:29:24, 2022-02-27 18:53:58) <-- (may instantiate this module)
                        C:\project\PCIe_ECP5_MF\soc\units\uart_block\vhdl\uart_block-a_rtl.vhd (2022-02-27 12:29:24, 2022-02-27 18:53:58) <-- (may instantiate this module)
                        C:\project\PCIe_ECP5_MF\soc\units\uart_block\vhdl\uart_block-e.vhd (2022-02-27 12:29:24, 2022-02-27 18:53:58) <-- (may instantiate this module)
                        C:\project\PCIe_ECP5_MF\soc\units\wb_16550s\top\vhdl\wb_16550s-a_rtl.vhd (2022-02-27 12:29:24, 2022-02-27 18:53:58) <-- (may instantiate this module)
    (7 more file changes not listed)
57       work.tspc_fifo_sync.rtl may have changed because the following files changed:
                        C:\project\PCIe_ECP5_MF\soc\common\units\tspc_fifo_sync\top\vhdl\tspc_fifo_sync-a_rtl.vhd (2022-02-27 12:29:25, 2022-02-27 18:53:58) <-- (architecture definition)
                        C:\project\PCIe_ECP5_MF\soc\top\core_mf8c\vhdl\core_mf8c-a_rtl.vhd (2022-02-27 12:29:24, 2022-02-27 18:53:58) <-- (may instantiate this module)
                        C:\project\PCIe_ECP5_MF\soc\top\core_mf8c\vhdl\core_mf8c-e.vhd (2022-02-27 12:29:24, 2022-02-27 18:53:58) <-- (may instantiate this module)
                        C:\project\PCIe_ECP5_MF\soc\top\versa_ecp5\vhdl\versa_ecp5-a_rtl.vhd (2022-02-27 12:29:24, 2022-02-27 18:53:58) <-- (may instantiate this module)
                        C:\project\PCIe_ECP5_MF\soc\top\versa_ecp5\vhdl\versa_ecp5-e.vhd (2022-02-27 12:29:24, 2022-02-27 18:53:58) <-- (may instantiate this module)
                        C:\project\PCIe_ECP5_MF\soc\units\dma_subsys\top\vhdl\dma_subsys-a_rtl.vhd (2022-02-27 12:29:24, 2022-02-27 18:53:58) <-- (may instantiate this module)
                        C:\project\PCIe_ECP5_MF\soc\units\dma_subsys\top\vhdl\dma_subsys-e.vhd (2022-02-27 12:29:24, 2022-02-27 18:53:58) <-- (may instantiate this module)
                        C:\project\PCIe_ECP5_MF\soc\units\dma_subsys\units\tspc_dma_chan_ms\top\vhdl\tspc_dma_chan_ms-a_rtl.vhd (2022-02-27 12:29:24, 2022-02-27 18:53:58) <-- (may instantiate this module)
                        C:\project\PCIe_ECP5_MF\soc\units\dma_subsys\units\tspc_dma_chan_ms\top\vhdl\tspc_dma_chan_ms-e.vhd (2022-02-27 12:29:24, 2022-02-27 18:53:58) <-- (may instantiate this module)
                        C:\project\PCIe_ECP5_MF\soc\units\tspc_wb_cfi_jxb3\top\vhdl\tspc_wb_cfi_jxb3-a_rtl.vhd (2022-02-27 12:29:24, 2022-02-27 18:53:58) <-- (may instantiate this module)
                        C:\project\PCIe_ECP5_MF\soc\units\tspc_wb_cfi_jxb3\top\vhdl\tspc_wb_cfi_jxb3-e.vhd (2022-02-27 12:29:24, 2022-02-27 18:53:58) <-- (may instantiate this module)
                        C:\project\PCIe_ECP5_MF\soc\units\uart_block\vhdl\uart_block-a_rtl.vhd (2022-02-27 12:29:24, 2022-02-27 18:53:58) <-- (may instantiate this module)
                        C:\project\PCIe_ECP5_MF\soc\units\uart_block\vhdl\uart_block-e.vhd (2022-02-27 12:29:24, 2022-02-27 18:53:58) <-- (may instantiate this module)
                        C:\project\PCIe_ECP5_MF\soc\units\wb_16550s\top\vhdl\wb_16550s-a_rtl.vhd (2022-02-27 12:29:24, 2022-02-27 18:53:58) <-- (may instantiate this module)
                        C:\project\PCIe_ECP5_MF\soc\units\wb_16550s\top\vhdl\wb_16550s-e.vhd (2022-02-27 12:29:24, 2022-02-27 18:53:58) <-- (may instantiate this module)
                        C:\project\PCIe_ECP5_MF\soc\units\wb_16550s\units\pcat_16550s\vhdl\pcat_16550s-a_rtl.vhd (2022-02-27 12:29:24, 2022-02-27 18:53:58) <-- (may instantiate this module)
    (5 more file changes not listed)
59       work.tspc_fifo_sync_mem.rtl may have changed because the following files changed:
                        C:\project\PCIe_ECP5_MF\soc\common\units\tspc_fifo_sync\tech\vhdl\tspc_fifo_sync_mem-a_rtl.vhd (2022-02-27 12:29:25, 2022-02-27 18:53:58) <-- (architecture definition)
                        C:\project\PCIe_ECP5_MF\soc\common\units\tspc_fifo_sync\top\vhdl\tspc_fifo_sync-a_rtl.vhd (2022-02-27 12:29:25, 2022-02-27 18:53:58) <-- (may instantiate this module)
                        C:\project\PCIe_ECP5_MF\soc\common\units\tspc_fifo_sync\top\vhdl\tspc_fifo_sync-e.vhd (2022-02-27 12:29:25, 2022-02-27 18:53:58) <-- (may instantiate this module)
                        C:\project\PCIe_ECP5_MF\soc\top\core_mf8c\vhdl\core_mf8c-a_rtl.vhd (2022-02-27 12:29:24, 2022-02-27 18:53:58) <-- (may instantiate this module)
                        C:\project\PCIe_ECP5_MF\soc\top\core_mf8c\vhdl\core_mf8c-e.vhd (2022-02-27 12:29:24, 2022-02-27 18:53:58) <-- (may instantiate this module)
                        C:\project\PCIe_ECP5_MF\soc\top\versa_ecp5\vhdl\versa_ecp5-a_rtl.vhd (2022-02-27 12:29:24, 2022-02-27 18:53:58) <-- (may instantiate this module)
                        C:\project\PCIe_ECP5_MF\soc\top\versa_ecp5\vhdl\versa_ecp5-e.vhd (2022-02-27 12:29:24, 2022-02-27 18:53:58) <-- (may instantiate this module)
                        C:\project\PCIe_ECP5_MF\soc\units\dma_subsys\top\vhdl\dma_subsys-a_rtl.vhd (2022-02-27 12:29:24, 2022-02-27 18:53:58) <-- (may instantiate this module)
                        C:\project\PCIe_ECP5_MF\soc\units\dma_subsys\top\vhdl\dma_subsys-e.vhd (2022-02-27 12:29:24, 2022-02-27 18:53:58) <-- (may instantiate this module)
                        C:\project\PCIe_ECP5_MF\soc\units\dma_subsys\units\tspc_dma_chan_ms\top\vhdl\tspc_dma_chan_ms-a_rtl.vhd (2022-02-27 12:29:24, 2022-02-27 18:53:58) <-- (may instantiate this module)
                        C:\project\PCIe_ECP5_MF\soc\units\dma_subsys\units\tspc_dma_chan_ms\top\vhdl\tspc_dma_chan_ms-e.vhd (2022-02-27 12:29:24, 2022-02-27 18:53:58) <-- (may instantiate this module)
                        C:\project\PCIe_ECP5_MF\soc\units\tspc_wb_cfi_jxb3\top\vhdl\tspc_wb_cfi_jxb3-a_rtl.vhd (2022-02-27 12:29:24, 2022-02-27 18:53:58) <-- (may instantiate this module)
                        C:\project\PCIe_ECP5_MF\soc\units\tspc_wb_cfi_jxb3\top\vhdl\tspc_wb_cfi_jxb3-e.vhd (2022-02-27 12:29:24, 2022-02-27 18:53:58) <-- (may instantiate this module)
                        C:\project\PCIe_ECP5_MF\soc\units\uart_block\vhdl\uart_block-a_rtl.vhd (2022-02-27 12:29:24, 2022-02-27 18:53:58) <-- (may instantiate this module)
                        C:\project\PCIe_ECP5_MF\soc\units\uart_block\vhdl\uart_block-e.vhd (2022-02-27 12:29:24, 2022-02-27 18:53:58) <-- (may instantiate this module)
                        C:\project\PCIe_ECP5_MF\soc\units\wb_16550s\top\vhdl\wb_16550s-a_rtl.vhd (2022-02-27 12:29:24, 2022-02-27 18:53:58) <-- (may instantiate this module)
    (7 more file changes not listed)
61       work.tspc_reg_pipeline.rtl may have changed because the following files changed:
                        C:\project\PCIe_ECP5_MF\soc\common\units\tspc_reg_pipeline\vhdl\tspc_reg_pipeline-a_rtl.vhd (2022-02-27 12:29:25, 2022-02-27 18:53:58) <-- (architecture definition)
                        C:\project\PCIe_ECP5_MF\soc\top\core_mf8c\vhdl\core_mf8c-a_rtl.vhd (2022-02-27 12:29:24, 2022-02-27 18:53:58) <-- (may instantiate this module)
                        C:\project\PCIe_ECP5_MF\soc\top\core_mf8c\vhdl\core_mf8c-e.vhd (2022-02-27 12:29:24, 2022-02-27 18:53:58) <-- (may instantiate this module)
                        C:\project\PCIe_ECP5_MF\soc\top\versa_ecp5\vhdl\versa_ecp5-a_rtl.vhd (2022-02-27 12:29:24, 2022-02-27 18:53:58) <-- (may instantiate this module)
                        C:\project\PCIe_ECP5_MF\soc\top\versa_ecp5\vhdl\versa_ecp5-e.vhd (2022-02-27 12:29:24, 2022-02-27 18:53:58) <-- (may instantiate this module)
                        C:\project\PCIe_ECP5_MF\soc\units\uart_block\vhdl\uart_block-a_rtl.vhd (2022-02-27 12:29:24, 2022-02-27 18:53:58) <-- (may instantiate this module)
                        C:\project\PCIe_ECP5_MF\soc\units\uart_block\vhdl\uart_block-e.vhd (2022-02-27 12:29:24, 2022-02-27 18:53:58) <-- (may instantiate this module)
                        C:\project\PCIe_ECP5_MF\soc\units\wb_16550s\top\vhdl\wb_16550s-a_rtl.vhd (2022-02-27 12:29:24, 2022-02-27 18:53:58) <-- (may instantiate this module)
                        C:\project\PCIe_ECP5_MF\soc\units\wb_16550s\top\vhdl\wb_16550s-e.vhd (2022-02-27 12:29:24, 2022-02-27 18:53:58) <-- (may instantiate this module)
                        C:\project\PCIe_ECP5_MF\soc\units\wb_16550s\units\pcat_16550s\vhdl\pcat_16550s-a_rtl.vhd (2022-02-27 12:29:24, 2022-02-27 18:53:58) <-- (may instantiate this module)
                        C:\project\PCIe_ECP5_MF\soc\units\wb_16550s\units\pcat_16550s\vhdl\pcat_16550s-e.vhd (2022-02-27 12:29:24, 2022-02-27 18:53:58) <-- (may instantiate this module)
                        C:\project\PCIe_ECP5_MF\soc\units\wb_16550s\units\tx_16550s\vhdl\tx_16550s-a_rtl.vhd (2022-02-27 12:29:25, 2022-02-27 18:53:58) <-- (may instantiate this module)
                        C:\project\PCIe_ECP5_MF\soc\units\wb_16550s\units\tx_16550s\vhdl\tx_16550s-e.vhd (2022-02-27 12:29:25, 2022-02-27 18:53:58) <-- (may instantiate this module)
63       work.tspc_wb_cfi_jxb3.rtl may have changed because the following files changed:
                        C:\project\PCIe_ECP5_MF\soc\top\core_mf8c\vhdl\core_mf8c-a_rtl.vhd (2022-02-27 12:29:24, 2022-02-27 18:53:58) <-- (may instantiate this module)
                        C:\project\PCIe_ECP5_MF\soc\top\core_mf8c\vhdl\core_mf8c-e.vhd (2022-02-27 12:29:24, 2022-02-27 18:53:58) <-- (may instantiate this module)
                        C:\project\PCIe_ECP5_MF\soc\top\versa_ecp5\vhdl\versa_ecp5-a_rtl.vhd (2022-02-27 12:29:24, 2022-02-27 18:53:58) <-- (may instantiate this module)
                        C:\project\PCIe_ECP5_MF\soc\top\versa_ecp5\vhdl\versa_ecp5-e.vhd (2022-02-27 12:29:24, 2022-02-27 18:53:58) <-- (may instantiate this module)
                        C:\project\PCIe_ECP5_MF\soc\units\tspc_wb_cfi_jxb3\top\vhdl\tspc_wb_cfi_jxb3-a_rtl.vhd (2022-02-27 12:29:24, 2022-02-27 18:53:58) <-- (architecture definition)
65       work.tspc_wb_ebr_ctl.rtl may have changed because the following files changed:
                        C:\project\PCIe_ECP5_MF\soc\top\core_mf8c\vhdl\core_mf8c-a_rtl.vhd (2022-02-27 12:29:24, 2022-02-27 18:53:58) <-- (may instantiate this module)
                        C:\project\PCIe_ECP5_MF\soc\top\core_mf8c\vhdl\core_mf8c-e.vhd (2022-02-27 12:29:24, 2022-02-27 18:53:58) <-- (may instantiate this module)
                        C:\project\PCIe_ECP5_MF\soc\top\versa_ecp5\vhdl\versa_ecp5-a_rtl.vhd (2022-02-27 12:29:24, 2022-02-27 18:53:58) <-- (may instantiate this module)
                        C:\project\PCIe_ECP5_MF\soc\top\versa_ecp5\vhdl\versa_ecp5-e.vhd (2022-02-27 12:29:24, 2022-02-27 18:53:58) <-- (may instantiate this module)
                        C:\project\PCIe_ECP5_MF\soc\units\dma_subsys\top\vhdl\dma_subsys-a_rtl.vhd (2022-02-27 12:29:24, 2022-02-27 18:53:58) <-- (may instantiate this module)
                        C:\project\PCIe_ECP5_MF\soc\units\dma_subsys\top\vhdl\dma_subsys-e.vhd (2022-02-27 12:29:24, 2022-02-27 18:53:58) <-- (may instantiate this module)
                        C:\project\PCIe_ECP5_MF\soc\units\tsls_wb_bmram\top\vhdl\tsls_wb_bmram-a_rtl.vhd (2022-02-27 12:29:24, 2022-02-27 18:53:58) <-- (may instantiate this module)
                        C:\project\PCIe_ECP5_MF\soc\units\tsls_wb_bmram\top\vhdl\tsls_wb_bmram-e.vhd (2022-02-27 12:29:24, 2022-02-27 18:53:58) <-- (may instantiate this module)
                        C:\project\PCIe_ECP5_MF\soc\units\tsls_wb_bmram\units\tspc_wb_ebr_ctl\vhdl\tspc_wb_ebr_ctl-a_rtl.vhd (2022-02-27 12:29:24, 2022-02-27 18:53:58) <-- (architecture definition)
67       work.tx_16550s.rtl may have changed because the following files changed:
                        C:\project\PCIe_ECP5_MF\soc\top\core_mf8c\vhdl\core_mf8c-a_rtl.vhd (2022-02-27 12:29:24, 2022-02-27 18:53:58) <-- (may instantiate this module)
                        C:\project\PCIe_ECP5_MF\soc\top\core_mf8c\vhdl\core_mf8c-e.vhd (2022-02-27 12:29:24, 2022-02-27 18:53:58) <-- (may instantiate this module)
                        C:\project\PCIe_ECP5_MF\soc\top\versa_ecp5\vhdl\versa_ecp5-a_rtl.vhd (2022-02-27 12:29:24, 2022-02-27 18:53:58) <-- (may instantiate this module)
                        C:\project\PCIe_ECP5_MF\soc\top\versa_ecp5\vhdl\versa_ecp5-e.vhd (2022-02-27 12:29:24, 2022-02-27 18:53:58) <-- (may instantiate this module)
                        C:\project\PCIe_ECP5_MF\soc\units\uart_block\vhdl\uart_block-a_rtl.vhd (2022-02-27 12:29:24, 2022-02-27 18:53:58) <-- (may instantiate this module)
                        C:\project\PCIe_ECP5_MF\soc\units\uart_block\vhdl\uart_block-e.vhd (2022-02-27 12:29:24, 2022-02-27 18:53:58) <-- (may instantiate this module)
                        C:\project\PCIe_ECP5_MF\soc\units\wb_16550s\top\vhdl\wb_16550s-a_rtl.vhd (2022-02-27 12:29:24, 2022-02-27 18:53:58) <-- (may instantiate this module)
                        C:\project\PCIe_ECP5_MF\soc\units\wb_16550s\top\vhdl\wb_16550s-e.vhd (2022-02-27 12:29:24, 2022-02-27 18:53:58) <-- (may instantiate this module)
                        C:\project\PCIe_ECP5_MF\soc\units\wb_16550s\units\pcat_16550s\vhdl\pcat_16550s-a_rtl.vhd (2022-02-27 12:29:24, 2022-02-27 18:53:58) <-- (may instantiate this module)
                        C:\project\PCIe_ECP5_MF\soc\units\wb_16550s\units\pcat_16550s\vhdl\pcat_16550s-e.vhd (2022-02-27 12:29:24, 2022-02-27 18:53:58) <-- (may instantiate this module)
                        C:\project\PCIe_ECP5_MF\soc\units\wb_16550s\units\tx_16550s\vhdl\tx_16550s-a_rtl.vhd (2022-02-27 12:29:25, 2022-02-27 18:53:58) <-- (architecture definition)
69       work.tx_ser_8250_core.rtl may have changed because the following files changed:
                        C:\project\PCIe_ECP5_MF\soc\top\core_mf8c\vhdl\core_mf8c-a_rtl.vhd (2022-02-27 12:29:24, 2022-02-27 18:53:58) <-- (may instantiate this module)
                        C:\project\PCIe_ECP5_MF\soc\top\core_mf8c\vhdl\core_mf8c-e.vhd (2022-02-27 12:29:24, 2022-02-27 18:53:58) <-- (may instantiate this module)
                        C:\project\PCIe_ECP5_MF\soc\top\versa_ecp5\vhdl\versa_ecp5-a_rtl.vhd (2022-02-27 12:29:24, 2022-02-27 18:53:58) <-- (may instantiate this module)
                        C:\project\PCIe_ECP5_MF\soc\top\versa_ecp5\vhdl\versa_ecp5-e.vhd (2022-02-27 12:29:24, 2022-02-27 18:53:58) <-- (may instantiate this module)
                        C:\project\PCIe_ECP5_MF\soc\units\uart_block\vhdl\uart_block-a_rtl.vhd (2022-02-27 12:29:24, 2022-02-27 18:53:58) <-- (may instantiate this module)
                        C:\project\PCIe_ECP5_MF\soc\units\uart_block\vhdl\uart_block-e.vhd (2022-02-27 12:29:24, 2022-02-27 18:53:58) <-- (may instantiate this module)
                        C:\project\PCIe_ECP5_MF\soc\units\wb_16550s\top\vhdl\wb_16550s-a_rtl.vhd (2022-02-27 12:29:24, 2022-02-27 18:53:58) <-- (may instantiate this module)
                        C:\project\PCIe_ECP5_MF\soc\units\wb_16550s\top\vhdl\wb_16550s-e.vhd (2022-02-27 12:29:24, 2022-02-27 18:53:58) <-- (may instantiate this module)
                        C:\project\PCIe_ECP5_MF\soc\units\wb_16550s\units\pcat_16550s\vhdl\pcat_16550s-a_rtl.vhd (2022-02-27 12:29:24, 2022-02-27 18:53:58) <-- (may instantiate this module)
                        C:\project\PCIe_ECP5_MF\soc\units\wb_16550s\units\pcat_16550s\vhdl\pcat_16550s-e.vhd (2022-02-27 12:29:24, 2022-02-27 18:53:58) <-- (may instantiate this module)
                        C:\project\PCIe_ECP5_MF\soc\units\wb_16550s\units\tx_16550s\vhdl\tx_16550s-a_rtl.vhd (2022-02-27 12:29:25, 2022-02-27 18:53:58) <-- (may instantiate this module)
                        C:\project\PCIe_ECP5_MF\soc\units\wb_16550s\units\tx_16550s\vhdl\tx_16550s-e.vhd (2022-02-27 12:29:25, 2022-02-27 18:53:58) <-- (may instantiate this module)
                        C:\project\PCIe_ECP5_MF\soc\units\wb_16550s\units\tx_ser_8250\vhdl\tx_ser_8250_core-a_rtl.vhd (2022-02-27 12:29:25, 2022-02-27 18:53:58) <-- (architecture definition)
71       work.uart_block.rtl may have changed because the following files changed:
                        C:\project\PCIe_ECP5_MF\soc\top\core_mf8c\vhdl\core_mf8c-a_rtl.vhd (2022-02-27 12:29:24, 2022-02-27 18:53:58) <-- (may instantiate this module)
                        C:\project\PCIe_ECP5_MF\soc\top\core_mf8c\vhdl\core_mf8c-e.vhd (2022-02-27 12:29:24, 2022-02-27 18:53:58) <-- (may instantiate this module)
                        C:\project\PCIe_ECP5_MF\soc\top\versa_ecp5\vhdl\versa_ecp5-a_rtl.vhd (2022-02-27 12:29:24, 2022-02-27 18:53:58) <-- (may instantiate this module)
                        C:\project\PCIe_ECP5_MF\soc\top\versa_ecp5\vhdl\versa_ecp5-e.vhd (2022-02-27 12:29:24, 2022-02-27 18:53:58) <-- (may instantiate this module)
                        C:\project\PCIe_ECP5_MF\soc\units\uart_block\vhdl\uart_block-a_rtl.vhd (2022-02-27 12:29:24, 2022-02-27 18:53:58) <-- (architecture definition)
73       work.versa_ecp5.rtl may have changed because the following files changed:
                        C:\project\PCIe_ECP5_MF\soc\top\versa_ecp5\vhdl\versa_ecp5-a_rtl.vhd (2022-02-27 12:29:24, 2022-02-27 18:53:58) <-- (architecture definition)
75       work.wb_16550s.rtl may have changed because the following files changed:
                        C:\project\PCIe_ECP5_MF\soc\top\core_mf8c\vhdl\core_mf8c-a_rtl.vhd (2022-02-27 12:29:24, 2022-02-27 18:53:58) <-- (may instantiate this module)
                        C:\project\PCIe_ECP5_MF\soc\top\core_mf8c\vhdl\core_mf8c-e.vhd (2022-02-27 12:29:24, 2022-02-27 18:53:58) <-- (may instantiate this module)
                        C:\project\PCIe_ECP5_MF\soc\top\versa_ecp5\vhdl\versa_ecp5-a_rtl.vhd (2022-02-27 12:29:24, 2022-02-27 18:53:58) <-- (may instantiate this module)
                        C:\project\PCIe_ECP5_MF\soc\top\versa_ecp5\vhdl\versa_ecp5-e.vhd (2022-02-27 12:29:24, 2022-02-27 18:53:58) <-- (may instantiate this module)
                        C:\project\PCIe_ECP5_MF\soc\units\uart_block\vhdl\uart_block-a_rtl.vhd (2022-02-27 12:29:24, 2022-02-27 18:53:58) <-- (may instantiate this module)
                        C:\project\PCIe_ECP5_MF\soc\units\uart_block\vhdl\uart_block-e.vhd (2022-02-27 12:29:24, 2022-02-27 18:53:58) <-- (may instantiate this module)
                        C:\project\PCIe_ECP5_MF\soc\units\wb_16550s\top\vhdl\wb_16550s-a_rtl.vhd (2022-02-27 12:29:24, 2022-02-27 18:53:58) <-- (architecture definition)

*******************************************************************
Unmodified files: 18
FID:  path (timestamp)
0        C:\lscc\diamond\3.12\synpbase\lib\lucent\ecp5um.v (2021-12-22 09:23:26)
1        C:\lscc\diamond\3.12\synpbase\lib\lucent\ecp5um.vhd (2021-12-22 09:23:26)
2        C:\lscc\diamond\3.12\synpbase\lib\lucent\pmi_def.v (2021-12-22 09:23:28)
3        C:\lscc\diamond\3.12\synpbase\lib\vhd2008\arith.vhd (2021-12-22 09:09:40)
4        C:\lscc\diamond\3.12\synpbase\lib\vhd2008\location.map (2021-12-22 09:09:41)
5        C:\lscc\diamond\3.12\synpbase\lib\vhd2008\numeric.vhd (2021-12-22 09:26:52)
6        C:\lscc\diamond\3.12\synpbase\lib\vhd2008\std.vhd (2021-12-22 09:09:41)
7        C:\lscc\diamond\3.12\synpbase\lib\vhd2008\std1164.vhd (2021-12-22 09:09:41)
8        C:\lscc\diamond\3.12\synpbase\lib\vhd2008\std_textio.vhd (2021-12-22 09:09:41)
9        C:\lscc\diamond\3.12\synpbase\lib\vhd2008\unsigned.vhd (2021-12-22 09:09:41)
10       C:\lscc\diamond\3.12\synpbase\lib\vhd\hyperents.vhd (2021-12-22 09:09:40)
11       C:\lscc\diamond\3.12\synpbase\lib\vhd\math_real.vhd (2021-12-22 09:26:49)
12       C:\lscc\diamond\3.12\synpbase\lib\vhd\snps_haps_pkg.vhd (2021-12-22 09:09:40)
13       C:\lscc\diamond\3.12\synpbase\lib\vhd\umr_capim.vhd (2021-12-22 09:09:40)
14       C:\lscc\diamond\3.12\synpbase\lib\vlog\hypermods.v (2021-12-22 09:09:40)
15       C:\lscc\diamond\3.12\synpbase\lib\vlog\scemi_objects.v (2021-12-22 09:09:40)
16       C:\lscc\diamond\3.12\synpbase\lib\vlog\scemi_pipes.svh (2021-12-22 09:09:40)
17       C:\lscc\diamond\3.12\synpbase\lib\vlog\umr_capim.v (2021-12-22 09:09:40)

*******************************************************************
Unchanged modules: 0
MID:  lib.cell.view
